[backblue.gif]
[fade.gif]
[index.html]
[systbio.org.whsites.net/files/SSB_logo_final.png]
[systbio.org.whsites.net/files/twitter.png]
[systbio.org.whsites.net/files/facebook.png]
[systbio.org.whsites.net/misc/xml.png]
[systbio.org.whsites.net/files/cover_0.gif]
[systbio.org.whsites.net/files/jstor.png]
[systbio.org.whsites.net/files/amnh-logo.png]
[systbio.org.whsites.net/files/glgl-logo-oct-2012.jpg]
[systbio.org.whsites.net/files/General Oxford Symposia.png]
[systbio.org.whsites.net/index.html]
[systbio.org.whsites.net/misc/menu-expanded.png]
[systbio.org.whsites.net/misc/menu-collapsed.png]
[systbio.org.whsites.net/misc/menu-leaf.png]
[systbio.org.whsites.net/misc/drupal.css]
[systbio.org.whsites.net/indexeb15.html]
[systbio.org.whsites.net/indexaba6.html]
[systbio.org.whsites.net/themes/chameleon/common.css]
[systbio.org.whsites.net/themes/chameleon/background.png]
[systbio.org.whsites.net/themes/chameleon/style.css]
[systbio.org.whsites.net/index03d2.html]
[systbio.org.whsites.net/node/6.html]
[systbio.org.whsites.net/node/279.html]
[systbio.org.whsites.net/node/3.html]
[systbio.org.whsites.net/index5e5b.html]
[systbio.org.whsites.net/index4d07.html]
[systbio.org.whsites.net/index924a.html]
[systbio.org.whsites.net/files/logo/SSB logo final 72dpi.png]
[systbio.org.whsites.net/files/logo/SSB logo final.ps]
[systbio.org.whsites.net/files/logo/SSB logo final 300dpi.png]
[systbio.org.whsites.net/files/logo/SSB logo favicon.png]
[systbio.org.whsites.net/files/logo/SSB logo favicon.ps]
[systbio.org.whsites.net/files/logo/favicon.ico]
[systbio.org.whsites.net/indexebef.html]
[systbio.org.whsites.net/indexe51d.html]
[systbio.org.whsites.net/index2636.html]
[systbio.org.whsites.net/indexf02c.html]
[systbio.org.whsites.net/indexfe3a.html]
[systbio.org.whsites.net/index5ffe.html]
[systbio.org.whsites.net/index2dc0.html]
[systbio.org.whsites.net/indexe1e4.html]
[systbio.org.whsites.net/indexae74.html]
[systbio.org.whsites.net/index517a.html]
[systbio.org.whsites.net/index0e18.html]
[systbio.org.whsites.net/index7c87.html]
[systbio.org.whsites.net/files/4499581.pdf]
[systbio.org.whsites.net/files/4499575.pdf]
[systbio.org.whsites.net/files/4447778.pdf]
[systbio.org.whsites.net/files/5171675.pdf]
[systbio.org.whsites.net/files/5171661.pdf]
[systbio.org.whsites.net/files/6185666.pdf]
[systbio.org.whsites.net/index67da.html]
[systbio.org.whsites.net/indexee92.html]
[systbio.org.whsites.net/index543f.html]
[systbio.org.whsites.net/files/JackPhoto.jpg]
[systbio.org.whsites.net/index763f.html]
[systbio.org.whsites.net/index67db.html]
[systbio.org.whsites.net/index7c44.html]
[systbio.org.whsites.net/index2a62.html]
[systbio.org.whsites.net/files/SSBCouncil07Minutes.pdf]
[systbio.org.whsites.net/files/SSBCouncil06Minutes.doc]
[systbio.org.whsites.net/files/SSBBuisness05MtgMinutes10June.doc]
[systbio.org.whsites.net/indexc715.html]
[systbio.org.whsites.net/index822c.html]
[systbio.org.whsites.net/index0f22.html]
[systbio.org.whsites.net/index94ca.html]
[systbio.org.whsites.net/files/ClaimingSSBAWard_Shaffer.pdf]
[systbio.org.whsites.net/files/ClaimingSSBAWard_Shaffer.jpg]
[systbio.org.whsites.net/files/w7.pdf]
[systbio.org.whsites.net/files/w7_instructions.pdf]
[systbio.org.whsites.net/files/w8ben.pdf]
[systbio.org.whsites.net/files/w8_instructions.pdf]
[systbio.org.whsites.net/files/w9.pdf]
[systbio.org.whsites.net/index9b25.html]
[systbio.org.whsites.net/indexbfe3.html]
[systbio.org.whsites.net/files/dls.jpg]
[systbio.org.whsites.net/files/Felsenstein.jpg]
[systbio.org.whsites.net/files/YangZiheng.jpg]
[systbio.org.whsites.net/index71da.html]
[systbio.org.whsites.net/index06d0.html]
[systbio.org.whsites.net/files/menu2.jpg]
[systbio.org.whsites.net/index3b07.html]
[systbio.org.whsites.net/files/nav2.jpg]
[systbio.org.whsites.net/index3f7e.html]
[systbio.org.whsites.net/files/cover1.jpg]
[systbio.org.whsites.net/files/cover2.jpg]
[systbio.org.whsites.net/files/dialogLayer.jpg]
[systbio.org.whsites.net/files/cover3.jpg]
[systbio.org.whsites.net/files/56.3cover.jpg]
[systbio.org.whsites.net/indexaf50.html]
[systbio.org.whsites.net/files/phyloinformatics/pi_logo.jpg]
[systbio.org.whsites.net/files/phyloinformatics/1.pdf]
[systbio.org.whsites.net/files/phyloinformatics/2.pdf]
[systbio.org.whsites.net/files/phyloinformatics/3.pdf]
[systbio.org.whsites.net/files/phyloinformatics/4.pdf]
[systbio.org.whsites.net/files/phyloinformatics/5.pdf]
[systbio.org.whsites.net/files/phyloinformatics/6.pdf]
[systbio.org.whsites.net/files/phyloinformatics/7.pdf]
[systbio.org.whsites.net/files/phyloinformatics/8.pdf]
[systbio.org.whsites.net/index0c8e.html]
[systbio.org.whsites.net/index247e.html]
[systbio.org.whsites.net/files/IBSimage.jpg]
[systbio.org.whsites.net/files/logossb.jpg]
[systbio.org.whsites.net/files/ASN-logo-new.jpg]
[systbio.org.whsites.net/files/1041387015.gif]
[systbio.org.whsites.net/files/SystAss.gif]
[systbio.org.whsites.net/files/imgHome.jpg]
[systbio.org.whsites.net/files/whs.gif]
[systbio.org.whsites.net/files/SASBimage.jpg]
[systbio.org.whsites.net/files/SystNZimage.jpg]
[systbio.org.whsites.net/files/ESEBimg.jpg]
[systbio.org.whsites.net/files/CSEEimg.jpg]
[systbio.org.whsites.net/files/LinSoc.jpg]
[systbio.org.whsites.net/files/HBESimg.jpg]
[systbio.org.whsites.net/files/EvoNet.jpg]
[systbio.org.whsites.net/indexec53.html]
[systbio.org.whsites.net/index8cb6.html]
[systbio.org.whsites.net/files/stk.png]
[systbio.org.whsites.net/indexd1c8.html]
[systbio.org.whsites.net/files/phyloseminar.png]
[systbio.org.whsites.net/files/0150.jpg]
[systbio.org.whsites.net/index18c1.html]
[systbio.org.whsites.net/files/MortonArbLogo-Green_transparent bkgrd.jpg]
[systbio.org.whsites.net/files/Director of the Center for Tree Science.pdf]
[systbio.org.whsites.net/files/7lu6PVKA.jpg]
[systbio.org.whsites.net/files/logoregisteredcolor_sm.jpg]
[systbio.org.whsites.net/indexbe3e.html]
[systbio.org.whsites.net/files/bg_head_en.jpg]
[systbio.org.whsites.net/files/garland_logo.gif]
[systbio.org.whsites.net/files/st_martin.jpg]
[systbio.org.whsites.net/index443a.html]
[systbio.org.whsites.net/files/slide0001_image011.png]
[systbio.org.whsites.net/files/taxontrain_logo_0.jpg]
[systbio.org.whsites.net/files/taxontrain_logo.jpg]
[systbio.org.whsites.net/files/Banner.gif]
[systbio.org.whsites.net/index7823.html]
[systbio.org.whsites.net/files/RSTB_368_1626_Thumbnails_web.jpg]
[systbio.org.whsites.net/files/plos.gif]
[systbio.org.whsites.net/files/cube.jpg]
[systbio.org.whsites.net/files/connotea.png]
[systbio.org.whsites.net/index8c63.html]
[systbio.org.whsites.net/files/head.gif]
[systbio.org.whsites.net/index4a84.html]
[systbio.org.whsites.net/files/2013council.png]
[systbio.org.whsites.net/files/SSB_Annual Council Meeting_21June2013_minutes.pdf]
[systbio.org.whsites.net/files/2013awards.png]
[systbio.org.whsites.net/files/SSB_AwardsReport-Evol_2013SnowbirdMeeting.pdf]
[systbio.org.whsites.net/files/2013eic.png]
[systbio.org.whsites.net/files/SSB_EiC_report(RonDeBry)_June2013.pdf]
[systbio.org.whsites.net/files/2013edelect.png]
[systbio.org.whsites.net/files/SSB_Ed-Elect council report 6-12-13AndyAnderson.pdf]
[systbio.org.whsites.net/files/SSB_Mid-Yr minutes_2013.pdf]
[systbio.org.whsites.net/files/SSBMid2013.png]
[systbio.org.whsites.net/files/gemovie.jpg]
[systbio.org.whsites.net/files/aiTreesapril9.kmz]
[systbio.org.whsites.net/files/iwlogo_gray.png]
[systbio.org.whsites.net/files/55.5cover.jpg]
[systbio.org.whsites.net/files/55.4cover.jpg]
[systbio.org.whsites.net/index8ccf.html]
[systbio.org.whsites.net/indexc12c.html]
[systbio.org.whsites.net/index5640.html]
[systbio.org.whsites.net/indexa561.html]
[systbio.org.whsites.net/index58dc.html]
[systbio.org.whsites.net/indexc818.html]
[systbio.org.whsites.net/indexd662.html]
[systbio.org.whsites.net/indexd80f.html]
[systbio.org.whsites.net/index46f9.html]
[systbio.org.whsites.net/index254d.html]
[systbio.org.whsites.net/index3201.html]
[systbio.org.whsites.net/index9dfe.html]
[systbio.org.whsites.net/index85d4.html]
[systbio.org.whsites.net/index2c01.html]
[systbio.org.whsites.net/files/SSB-midyear-minutes-2014.jpg]
[systbio.org.whsites.net/files/SSB-midyear-minutes-2014.pdf]
[systbio.org.whsites.net/files/1379331_10151905833777418_936717427_a.png]
[systbio.org.whsites.net/index188f.html]
[systbio.org.whsites.net/files/ucr.png]
[systbio.org.whsites.net/index8311.html]
[systbio.org.whsites.net/files/small-name-logo-for-twit.jpg]
[systbio.org.whsites.net/files/natural-history-museum.jpg]
[systbio.org.whsites.net/index8a44.html]
[systbio.org.whsites.net/indexf70c.html]
[systbio.org.whsites.net/files/MidYear2012/minutes.png]
[systbio.org.whsites.net/files/MidYear2012/MIdYear_2012_Minutes_clean_4_posting.pdf]
[systbio.org.whsites.net/files/MidYear2012/awards.png]
[systbio.org.whsites.net/files/MidYear2012/MIdYear_2012_Awards_Report(SydneyCameron).pdf]
[systbio.org.whsites.net/files/MidYear2012/editor.png]
[systbio.org.whsites.net/files/MidYear2012/MIdYear_2012_EiC_Report(Ron_DeBry).pdf]
[systbio.org.whsites.net/files/MidYear2012/managing.png]
[systbio.org.whsites.net/files/MidYear2012/MIdYear_2012_Managing_Ed_Report.pdf]
[systbio.org.whsites.net/files/MidYear2012/program.png]
[systbio.org.whsites.net/files/MidYear2012/MIdYear_2012_Program_Report(BryanCarstens).pdf]
[systbio.org.whsites.net/files/MidYear2012/publisher.png]
[systbio.org.whsites.net/files/MidYear2012/MIdYear_2012_Publisher's_Report.pdf]
[systbio.org.whsites.net/files/amnh.jpg]
[systbio.org.whsites.net/index325d.html]
[systbio.org.whsites.net/files/colorLogo.png]
[systbio.org.whsites.net/files/logonus.gif]
[systbio.org.whsites.net/indexe15d.html]
[systbio.org.whsites.net/files/HLS_GA1.jpg]
[systbio.org.whsites.net/files/council2011.png]
[systbio.org.whsites.net/files/SSB_council_meeting_17June2011_minutes.pdf]
[systbio.org.whsites.net/files/awards2011.png]
[systbio.org.whsites.net/files/SSB_Awards_report(Cameron)_June_2011.pdf]
[systbio.org.whsites.net/files/editor2011.png]
[systbio.org.whsites.net/files/SSB_Editor_report(DeBry)_June_2011.pdf]
[systbio.org.whsites.net/files/maneditor2011.png]
[systbio.org.whsites.net/files/SSB_ManEd_report(Ciszek)_June 2011.pdf]
[systbio.org.whsites.net/files/dmp_logo_m_0.png]
[systbio.org.whsites.net/files/MPIMG_helix_16.png]
[systbio.org.whsites.net/indexbc0d.html]
[systbio.org.whsites.net/index6895.html]
[systbio.org.whsites.net/indexa8da.html]
[systbio.org.whsites.net/index4dbd.html]
[systbio.org.whsites.net/index2d4e.html]
[systbio.org.whsites.net/index3e02.html]
[systbio.org.whsites.net/index9fb6.html]
[systbio.org.whsites.net/index69a2.html]
[systbio.org.whsites.net/indexc12b.html]
[systbio.org.whsites.net/indexf777.html]
[systbio.org.whsites.net/index4421.html]
[systbio.org.whsites.net/index8aad.html]
[systbio.org.whsites.net/index4c8c.html]
[systbio.org.whsites.net/indexfd51.html]
[systbio.org.whsites.net/index9bc3.html]
[systbio.org.whsites.net/indexf6ef.html]
[systbio.org.whsites.net/indexf6d4.html]
[systbio.org.whsites.net/indexc7f5.html]
[systbio.org.whsites.net/indexff46.html]
[systbio.org.whsites.net/index1ae9.html]
[systbio.org.whsites.net/files/Fanderson1.jpg]
[systbio.org.whsites.net/files/David_Morrison.jpg]
[systbio.org.whsites.net/files/Ron_DeBry.jpg]
[systbio.org.whsites.net/files/sullivan.jpg]
[systbio.org.whsites.net/files/Rod_Page.jpg]
[systbio.org.whsites.net/files/past_editors.pdf]
[systbio.org.whsites.net/indexd022.html]
[systbio.org.whsites.net/files/ane.jpg]
[systbio.org.whsites.net/files/Charleston2.jpg]
[systbio.org.whsites.net/files/Mark_Fishbein.jpg]
[systbio.org.whsites.net/files/Gascuel_image.jpg]
[systbio.org.whsites.net/files/Jermiin.jpg]
[systbio.org.whsites.net/files/ELJ5.jpg]
[systbio.org.whsites.net/files/images.jpg]
[systbio.org.whsites.net/files/Kubatko.jpg]
[systbio.org.whsites.net/files/normmacleod.jpg]
[systbio.org.whsites.net/files/Robie_M-G.jpg]
[systbio.org.whsites.net/files/patersoa.jpg]
[systbio.org.whsites.net/files/vincentscbf_0.jpg]
[systbio.org.whsites.net/index89f8.html]
[systbio.org.whsites.net/files/SB_LaTeX_Template_txt_extension.txt]
[systbio.org.whsites.net/files/SB_LaTeX_Template_typeset.pdf]
[systbio.org.whsites.net/files/sysbio.bst]
[systbio.org.whsites.net/indexf64b.html]
[systbio.org.whsites.net/indexb1b4.html]
[systbio.org.whsites.net/files/example.png]
[systbio.org.whsites.net/indexcb1f.html]
[systbio.org.whsites.net/files/resolution.png]
[systbio.org.whsites.net/indexa981.html]
[systbio.org.whsites.net/index9f99.html]
[systbio.org.whsites.net/indexca97.html]
[systbio.org.whsites.net/files/print_tree.jpg]
[systbio.org.whsites.net/files/print_button.jpg]
[systbio.org.whsites.net/index2875.html]
[systbio.org.whsites.net/indexb0c5.html]
[systbio.org.whsites.net/indexaae1.html]
[systbio.org.whsites.net/index763b.html]
[systbio.org.whsites.net/files/logo/SSB logo final.svg]
[systbio.org.whsites.net/index440c.html]
[systbio.org.whsites.net/files/Ho_and_Jermiin_FigPP.ppt]
[systbio.org.whsites.net/indexe73d.html]
[systbio.org.whsites.net/files/CorellatedEvolution.ppt]
[systbio.org.whsites.net/index0634.html]
[systbio.org.whsites.net/files/Paterson_2000.ppt]
[systbio.org.whsites.net/files/MartinandBurg.ppt]
[systbio.org.whsites.net/index42e7.html]
[systbio.org.whsites.net/files/Bang.ppt]
[systbio.org.whsites.net/indexf78b.html]
[systbio.org.whsites.net/files/Posada.ppt]
[systbio.org.whsites.net/index095f.html]
[systbio.org.whsites.net/files/Buckley_etal_2001.ppt]
[systbio.org.whsites.net/index19ea.html]
[systbio.org.whsites.net/members.html]
[systbio.org.whsites.net/files/SSB_Constitution_2013.pdf]
[systbio.org.whsites.net/index5861.html]
[systbio.org.whsites.net/files/duties_editor_2003.pdf]
[systbio.org.whsites.net/files/duties_manage_ed.pdf]
[systbio.org.whsites.net/files/Presidental_Duties_SSB_Oct_2008-2013.pdf]
[systbio.org.whsites.net/files/duties_exec_vp_2003.pdf]
[systbio.org.whsites.net/files/duties_treas_2003.pdf]
[systbio.org.whsites.net/files/duties_prog_dir_2004.pdf]
[systbio.org.whsites.net/files/Presidental_Duties_SSB_Oct_2008-2013.doc]
[systbio.org.whsites.net/files/Executive_VP_duties.doc]
[systbio.org.whsites.net/files/Editor_Duties.doc]
[systbio.org.whsites.net/files/Manag_Ed_Duties.doc]
[systbio.org.whsites.net/files/Treasurer_Duties.doc]
[systbio.org.whsites.net/files/Program_Director_duties.doc]
[systbio.org.whsites.net/indexd697.html]
[systbio.org.whsites.net/files/SSZ Incorportation 1971 RU7226 box 20 folder 1.pdf]
[systbio.org.whsites.net/files/SSB Incorportation 1991 Accn. 96-145 box 2 folder Incorporation.pdf]
[systbio.org.whsites.net/files/SSB tax exempt status.pdf]
[systbio.org.whsites.net/indexcee4.html]
[systbio.org.whsites.net/files/tax exemption_2.pdf]
[systbio.org.whsites.net/files/SSB Incorportation_1991.pdf]
[systbio.org.whsites.net/files/SSZ_Incorportation_1971.pdf]
[systbio.org.whsites.net/index20d8.html]
[systbio.org.whsites.net/indexf39a.html]
[systbio.org.whsites.net/indexa2ed.html]
[systbio.org.whsites.net/indexda06.html]
[systbio.org.whsites.net/node/425.html]
[systbio.org.whsites.net/node/409.html]
[systbio.org.whsites.net/node/407.html]
[systbio.org.whsites.net/node/386.html]
[systbio.org.whsites.net/node/363.html]
[systbio.org.whsites.net/files/2010 SSB AGM minutes.pdf]
[systbio.org.whsites.net/node/334.html]
[systbio.org.whsites.net/files/2009 SSB AGM minutes.pdf]
[systbio.org.whsites.net/node/297.html]
[systbio.org.whsites.net/files/2008 SSB AGM minutes + reports alt.pdf]
[systbio.org.whsites.net/node/277.html]
[systbio.org.whsites.net/SSBCouncilminutes26JUN04_html_633ae69c.gif]
[systbio.org.whsites.net/node/41.html]
[systbio.org.whsites.net/indexb480.html]
[systbio.org.whsites.net/indexc6d3.html]
[systbio.org.whsites.net/index3dba.html]
[systbio.org.whsites.net/indexa634.html]
[systbio.org.whsites.net/index44cc.html]
[systbio.org.whsites.net/indexdd8b.html]
[systbio.org.whsites.net/index0ace.html]
[systbio.org.whsites.net/index34b5.html]
[systbio.org.whsites.net/index03a3.html]
[systbio.org.whsites.net/indexc9d0.html]
[systbio.org.whsites.net/index88be.html]
[systbio.org.whsites.net/index3803.html]
[systbio.org.whsites.net/files/past_officers.pdf]
[systbio.org.whsites.net/index618e.html]
[systbio.org.whsites.net/brad.shaffer@ucla.html]
[systbio.org.whsites.net/index3361.html]
[systbio.org.whsites.net/indexa290.html]
[systbio.org.whsites.net/files/Schumer.pdf]
[systbio.org.whsites.net/files/Tarvin.pdf]
[systbio.org.whsites.net/files/Hird Proposal.pdf]
[systbio.org.whsites.net/files/Goulding_Proposal.pdf]
[systbio.org.whsites.net/files/McVay Proposal.pdf]
[systbio.org.whsites.net/files/Nielsen Proposal.pdf]
[systbio.org.whsites.net/files/Patrick Proposal.pdf]
[systbio.org.whsites.net/files/Stryjewski_Proposal.pdf]
[systbio.org.whsites.net/files/Oaks application.pdf]
[systbio.org.whsites.net/files/Owen application.pdf]
[systbio.org.whsites.net/files/Xiao application.pdf]
[systbio.org.whsites.net/index77ab.html]
[systbio.org.whsites.net/indexdca0.html]
[systbio.org.whsites.net/indexb131.html]
[systbio.org.whsites.net/indexc3fd.html]
[systbio.org.whsites.net/index6c84.html]
[systbio.org.whsites.net/index367f.html]
[systbio.org.whsites.net/indexb9b9.html]
[systbio.org.whsites.net/index35f9.html]
[systbio.org.whsites.net/index9c51.html]
[systbio.org.whsites.net/index4368.html]
[systbio.org.whsites.net/index8d37.html]
[systbio.org.whsites.net/indexace7.html]
[systbio.org.whsites.net/index2c60.html]
[systbio.org.whsites.net/node/10.html]
[systbio.org.whsites.net/files/349251885v3_240x240_front_color-blackwhite-150x150.jpg]
[systbio.org.whsites.net/files/twitter_logo_s.gif]
[systbio.org.whsites.net/files/HintelmannPrize2009.pdf]
[systbio.org.whsites.net/index0fa2.html]
[systbio.org.whsites.net/files/pi_logo.jpg]
[systbio.org.whsites.net/files/anti-wedge.pdf]
[systbio.org.whsites.net/files/TaxonSearchLogo100px_beige.jpg]
[systbio.org.whsites.net/indexe048.html]
[systbio.org.whsites.net/index4432.html]
[systbio.org.whsites.net/indexa212.html]
[systbio.org.whsites.net/index0028.html]
[systbio.org.whsites.net/index62fd.html]
[systbio.org.whsites.net/index807c.html]
[systbio.org.whsites.net/index5e9a.html]
[systbio.org.whsites.net/index7890.html]
[systbio.org.whsites.net/indexea58.html]
[systbio.org.whsites.net/index478c.html]
[systbio.org.whsites.net/files/masthead-logo.png]
[systbio.org.whsites.net/files/AMNH_logo_--_blue_rectangle.jpg]
[systbio.org.whsites.net/index92d9.html]
[systbio.org.whsites.net/files/shell.png]
[systbio.org.whsites.net/files/supermap.png]
[systbio.org.whsites.net/indexd2bd.html]
[systbio.org.whsites.net/files/rbcm-stackedcolor.jpg]
[systbio.org.whsites.net/files/logo_colour_horz.jpg]
[systbio.org.whsites.net/index9db0.html]
[systbio.org.whsites.net/files/kjer-job.png]
[systbio.org.whsites.net/indexd0cc.html]
[systbio.org.whsites.net/files/phenomap.png]
[systbio.org.whsites.net/index240f.html]
[systbio.org.whsites.net/indexd610.html]
[systbio.org.whsites.net/indexbe96.html]
[systbio.org.whsites.net/index8b07.html]
[systbio.org.whsites.net/index1e1f.html]
[systbio.org.whsites.net/index36ba.html]
[systbio.org.whsites.net/index3b90.html]
[systbio.org.whsites.net/index017f.html]
[systbio.org.whsites.net/indexf601.html]
[systbio.org.whsites.net/indexa8e1.html]
[systbio.org.whsites.net/index0278.html]
[systbio.org.whsites.net/index027b.html]
[systbio.org.whsites.net/index803f.html]
[systbio.org.whsites.net/files/ecosystem1web.jpg]
[systbio.org.whsites.net/files/dmp_logo_m.png]
[systbio.org.whsites.net/files/image001.jpg]
[systbio.org.whsites.net/files/iEvoBio Committee.png]
[systbio.org.whsites.net/indexc4b7.html]
[systbio.org.whsites.net/files/n184322426771_2884.jpg]
[systbio.org.whsites.net/files/cce_asset_061272.jpg]
[systbio.org.whsites.net/index284b.html]
[systbio.org.whsites.net/files/biosyst.png]
[systbio.org.whsites.net/files/eBio09.jpg]
[systbio.org.whsites.net/files/Estimating_Species_Trees.pdf]
[systbio.org.whsites.net/files/logo_small.gif]
[systbio.org.whsites.net/files/SteveFarris.jpg]
[systbio.org.whsites.net/files/carpenter.jpg]
[systbio.org.whsites.net/files/ward_blackboard_250.gif]
[systbio.org.whsites.net/files/kcn2-portrait.jpg]
[systbio.org.whsites.net/index6407.html]
[systbio.org.whsites.net/files/eSI-logo.gif]
[systbio.org.whsites.net/indexa2cd.html]
[systbio.org.whsites.net/files/lice.png]
[systbio.org.whsites.net/index5c63.html]
[systbio.org.whsites.net/indexb2a3.html]
[systbio.org.whsites.net/index05c0.html]
[systbio.org.whsites.net/index649c.html]
[systbio.org.whsites.net/index711b.html]
[systbio.org.whsites.net/index57fa.html]
[systbio.org.whsites.net/indexcc70.html]
[systbio.org.whsites.net/index7495.html]
[systbio.org.whsites.net/index39cd.html]
[systbio.org.whsites.net/indexf937.html]
[systbio.org.whsites.net/index0c49.html]
[systbio.org.whsites.net/files/melogo.jpg]
[systbio.org.whsites.net/files/comparativegenomics.png]
[systbio.org.whsites.net/files/whsworkshopbanner275.jpg]
[systbio.org.whsites.net/files/wtlogo.gif]
[systbio.org.whsites.net/files/Phyloinformatics_hackathon.jpg]
[systbio.org.whsites.net/files/embo-course.png]
[systbio.org.whsites.net/index6bdc.html]
[systbio.org.whsites.net/files/2009 summer of code logo final r3 no url-01.png]
[systbio.org.whsites.net/files/cracraft.jpg]
[systbio.org.whsites.net/files/amnhblue.jpg]
[systbio.org.whsites.net/files/sponge.jpg]
[systbio.org.whsites.net/index63c4.html]
[systbio.org.whsites.net/indexcc82.html]
[systbio.org.whsites.net/indexb546.html]
[systbio.org.whsites.net/indexfe39.html]
[systbio.org.whsites.net/files/pictures/picture-281.jpg]
[systbio.org.whsites.net/index7b2e.html]
[systbio.org.whsites.net/indexe00c.html]
[systbio.org.whsites.net/index2cfb.html]
[systbio.org.whsites.net/indexccdd.html]
[systbio.org.whsites.net/indexddba.html]
[systbio.org.whsites.net/indexd3af.html]
[systbio.org.whsites.net/index3248.html]
[systbio.org.whsites.net/index58c8.html]
[systbio.org.whsites.net/indexd6f3.html]
[systbio.org.whsites.net/files/combdivBayesiv19v3.nex]
[systbio.org.whsites.net/files/ProcRoySocBarcoding.jpg]
[systbio.org.whsites.net/files/product3.jpg]
[systbio.org.whsites.net/files/0-19-856610-7.gif]
[systbio.org.whsites.net/indexfb22.html]
[systbio.org.whsites.net/indexd8d1.html]
[systbio.org.whsites.net/index87ee.html]
[systbio.org.whsites.net/index613d.html]
[systbio.org.whsites.net/indexf9ed.html]
[systbio.org.whsites.net/indexd374.html]
[systbio.org.whsites.net/index0600.html]
[systbio.org.whsites.net/index3474.html]
[systbio.org.whsites.net/index37e0.html]
[systbio.org.whsites.net/index47ea.html]
[systbio.org.whsites.net/index71f3.html]
[systbio.org.whsites.net/index8389.html]
[systbio.org.whsites.net/index189d.html]
[systbio.org.whsites.net/files/nescent.gif]
[systbio.org.whsites.net/indexc2d0.html]
[systbio.org.whsites.net/indexe872.html]
[systbio.org.whsites.net/indexf912.html]
[systbio.org.whsites.net/index59eb.html]
[systbio.org.whsites.net/indexfdaf.html]
[systbio.org.whsites.net/index6247.html]
[systbio.org.whsites.net/files/56/3/Marjanovic_&_Laurin_App_1.doc]
[systbio.org.whsites.net/files/56/3/Marjanovic_&_Laurin_App_2_l.doc]
[systbio.org.whsites.net/files/56/3/Marjanovic_&_Laurin_App_3.doc]
[systbio.org.whsites.net/files/56/3/Marjanovic_&_Laurin_App_4.doc]
[systbio.org.whsites.net/files/56/3/Marjanovic_&_Laurin_App_5.doc]
[systbio.org.whsites.net/files/56/3/Marjanovic_&_Laurin_App_6.doc]
[systbio.org.whsites.net/files/56/3/Marjanovic_&_Laurin_App_7.doc]
[systbio.org.whsites.net/files/56/3/Marjanovic_&_Laurin_App_8.doc]
[systbio.org.whsites.net/files/56/3/Marjanovic_&_Laurin_App_9.doc]
[systbio.org.whsites.net/files/56/3/Marjanovic_&_Laurin_App_10.xls]
[systbio.org.whsites.net/files/56/3/Marjanovic_&_Laurin_App_11.doc]
[systbio.org.whsites.net/files/56/3/SM_rogriguez-ezpeleta_et_al_29NOV2006.doc]
[systbio.org.whsites.net/files/56/3/Manos_et_al_Sep01_data.nex]
[systbio.org.whsites.net/files/56/3/Manos_et_al_Dec11_App.pdf]
[systbio.org.whsites.net/files/56/3/mtCDNApri.txt]
[systbio.org.whsites.net/files/56/3/mtCDNApri.trees]
[systbio.org.whsites.net/files/56/3/Johnson2006.AXY39s.txt]
[systbio.org.whsites.net/files/56/3/Johnson2006.39s.trees]
[systbio.org.whsites.net/files/56/3/AFLPscriptinstructions.doc]
[systbio.org.whsites.net/files/56/3/finch.nex]
[systbio.org.whsites.net/files/56/3/macaques.nex]
[systbio.org.whsites.net/files/56/3/Demonstrate linearisation with different sized trees.txt]
[systbio.org.whsites.net/files/56/3/Parse PAUP output files and plotting for replacement noise.txt]
[systbio.org.whsites.net/files/56/3/Generate Nexus files for addition noise.txt]
[systbio.org.whsites.net/files/56/3/Generate Nexus files for replacement noise.txt]
[systbio.org.whsites.net/files/56/3/Parse PAUP output files and plotting for addition noise.txt]
[systbio.org.whsites.net/files/56/3/amakihis.xml]
[systbio.org.whsites.net/files/56/3/amerindian.xml]
[systbio.org.whsites.net/files/56/3/cranes.xml]
[systbio.org.whsites.net/files/56/3/neandertal_dates.xml]
[systbio.org.whsites.net/files/56/3/neandertal_nodates.xml]
[systbio.org.whsites.net/files/56/3/sunbirds1.xml]
[systbio.org.whsites.net/files/56/3/sunbirds2.xml]
[systbio.org.whsites.net/files/56/3/sunbirds3.xml]
[systbio.org.whsites.net/files/56/3/Supplementary_Material.doc]
[systbio.org.whsites.net/node/200.html]
[systbio.org.whsites.net/index52a7.html]
[systbio.org.whsites.net/index9b53.html]
[systbio.org.whsites.net/indexf1c9.html]
[systbio.org.whsites.net/index54b8.html]
[systbio.org.whsites.net/index0131.html]
[systbio.org.whsites.net/index1798.html]
[systbio.org.whsites.net/files/55.1cover.jpg]
[systbio.org.whsites.net/files/54.6cover.jpg]
[systbio.org.whsites.net/files/54.5cover.jpg]
[systbio.org.whsites.net/files/54.4cover.jpg]
[systbio.org.whsites.net/files/54.3cover.jpg]
[systbio.org.whsites.net/files/54.2cover.jpg]
[systbio.org.whsites.net/files/54.1cover.jpg]
[systbio.org.whsites.net/index462b.html]
[systbio.org.whsites.net/index4f8c.html]
[systbio.org.whsites.net/indexc008.html]
[systbio.org.whsites.net/indexe5f5.html]
[systbio.org.whsites.net/index8503.html]
[systbio.org.whsites.net/index6390.html]
[systbio.org.whsites.net/index4543.html]
[systbio.org.whsites.net/index798e.html]
[systbio.org.whsites.net/index0e96.html]
[systbio.org.whsites.net/index3362.html]
[systbio.org.whsites.net/index7b13.html]
[systbio.org.whsites.net/indexf37c.html]
[systbio.org.whsites.net/indexa113.html]
[systbio.org.whsites.net/hrdesk@amnh.html]
[systbio.org.whsites.net/indexbc26.html]
[systbio.org.whsites.net/indexfc9c.html]
[systbio.org.whsites.net/indexf09b.html]
[systbio.org.whsites.net/indexb172.html]
[systbio.org.whsites.net/index70fc.html]
[systbio.org.whsites.net/indexd474.html]
[systbio.org.whsites.net/index1474.html]
[systbio.org.whsites.net/index5084.html]
[systbio.org.whsites.net/index8c60.html]
[systbio.org.whsites.net/index2564.html]
[systbio.org.whsites.net/index163e.html]
[systbio.org.whsites.net/indexedb1.html]
[systbio.org.whsites.net/indexc25e.html]
[systbio.org.whsites.net/index48b3.html]
[systbio.org.whsites.net/index9992.html]
[systbio.org.whsites.net/indexe55c.html]
[systbio.org.whsites.net/indexa475.html]
[systbio.org.whsites.net/index0330.html]
[systbio.org.whsites.net/index5323.html]
[systbio.org.whsites.net/index3b5b.html]
[systbio.org.whsites.net/index627d.html]
[systbio.org.whsites.net/index6216.html]
[systbio.org.whsites.net/indexdfeb.html]
[systbio.org.whsites.net/indexe2bf.html]
[systbio.org.whsites.net/index7419.html]
[systbio.org.whsites.net/index75be.html]
[systbio.org.whsites.net/indexc0e1.html]
[systbio.org.whsites.net/indexe6fb.html]
[systbio.org.whsites.net/indexbe27.html]
[systbio.org.whsites.net/indexb865.html]
[systbio.org.whsites.net/index1976.html]
[systbio.org.whsites.net/index1bad.html]
[systbio.org.whsites.net/index82bb.html]
[systbio.org.whsites.net/index6775.html]
[systbio.org.whsites.net/indexf7de.html]
[systbio.org.whsites.net/index2c24.html]
[systbio.org.whsites.net/index3b69.html]
[systbio.org.whsites.net/indexcd0c.html]
[systbio.org.whsites.net/indexa031.html]
[systbio.org.whsites.net/index0109.html]
[systbio.org.whsites.net/index5f97.html]
[systbio.org.whsites.net/index54f9.html]
[systbio.org.whsites.net/index2e1a.html]
[systbio.org.whsites.net/index6ea0.html]
[systbio.org.whsites.net/index539a.html]
[systbio.org.whsites.net/indexf2bb.html]
[systbio.org.whsites.net/indexc3e1.html]
[systbio.org.whsites.net/files/55.2/55.2cover.jpg]
[systbio.org.whsites.net/index8649.html]
[systbio.org.whsites.net/index6bc6.html]
[systbio.org.whsites.net/indexfcb1.html]
[systbio.org.whsites.net/index6be3.html]
[systbio.org.whsites.net/indexface.html]
[systbio.org.whsites.net/indexf1f5.html]
[systbio.org.whsites.net/index167f.html]
[systbio.org.whsites.net/indexe0bd.html]
[systbio.org.whsites.net/index1f4a.html]
[systbio.org.whsites.net/index2975.html]
[systbio.org.whsites.net/indexda07.html]
[systbio.org.whsites.net/index9ebc.html]
[systbio.org.whsites.net/indexab35.html]
[systbio.org.whsites.net/indexac35.html]
[systbio.org.whsites.net/index2946.html]
[systbio.org.whsites.net/index7de1.html]
[systbio.org.whsites.net/index2be7.html]
[systbio.org.whsites.net/index5104.html]
[systbio.org.whsites.net/index9a9b.html]
[systbio.org.whsites.net/users/trayc7.html]
[systbio.org.whsites.net/users/cwhidden.html]
[systbio.org.whsites.net/users/alexis_raxml.html]
[systbio.org.whsites.net/users/armanbilge.html]
[systbio.org.whsites.net/users/mathmomike.html]
[systbio.org.whsites.net/users/david_bryant.html]
[systbio.org.whsites.net/=_http_/www.treebase.html]
[systbio.org.whsites.net/indexaab4.html]
[systbio.org.whsites.net/index092c.html]
[systbio.org.whsites.net/indexacef.html]
[systbio.org.whsites.net/index9d08.html]
[systbio.org.whsites.net/indexc659.html]
[systbio.org.whsites.net/index2f09.html]
[systbio.org.whsites.net/index7cbe.html]
[systbio.org.whsites.net/index9243.html]
[systbio.org.whsites.net/indexe4fa.html]
[systbio.org.whsites.net/files/53.1cover.jpg]
[systbio.org.whsites.net/files/Waters_Roy_SB2003-17.nex]
[systbio.org.whsites.net/files/MasonGamer_cpDNA.nex]
[systbio.org.whsites.net/files/MasonGamer_GBSSIexons.nex]
[systbio.org.whsites.net/files/MasonGamer_GBSSIseqs.nex]
[systbio.org.whsites.net/files/Nylander_et_al_30Apr03.nex]
[systbio.org.whsites.net/files/Ricklefs_Coevolution.nex]
[systbio.org.whsites.net/files/12S+COmatrix+Tre+GenBank.nex]
[systbio.org.whsites.net/files/LegumeMatrix+Tre+GenBank.nex]
[systbio.org.whsites.net/files/Sorenson_EstVidPlo.nex]
[systbio.org.whsites.net/files/Sorenson_Vidua.nex]
[systbio.org.whsites.net/files/Hipp_et_al_PAUPfile.nex]
[systbio.org.whsites.net/index6f9b.html]
[systbio.org.whsites.net/files/53.2cover.jpg]
[systbio.org.whsites.net/files/Matrix_Razafim_et_al.nex]
[systbio.org.whsites.net/files/Zakharov_et_al.nex]
[systbio.org.whsites.net/files/Sanmartin_Appendix_A.doc]
[systbio.org.whsites.net/files/Sanmartin_Appendix_B.doc]
[systbio.org.whsites.net/files/Thoracica.nex]
[systbio.org.whsites.net/files/Lemmon_SupMat.pdf]
[systbio.org.whsites.net/files/Kandul_Dataset_29COI_II_EF.nex]
[systbio.org.whsites.net/files/Kandul_Dataset_113_COI_II.nex]
[systbio.org.whsites.net/files/danforth_et_al.nex]
[systbio.org.whsites.net/files/SuperMatrixCroc.nex]
[systbio.org.whsites.net/files/SuperTreeCroc.nex]
[systbio.org.whsites.net/indexf052.html]
[systbio.org.whsites.net/files/53.3cover.jpg]
[systbio.org.whsites.net/files/Nymphali.nex]
[systbio.org.whsites.net/files/Stefanovic_SB2002-87_alignment.nex]
[systbio.org.whsites.net/files/Lin_etal._28Feb03.nex]
[systbio.org.whsites.net/files/PISTIA1.NEX]
[systbio.org.whsites.net/files/PISTIA2.NEX]
[systbio.org.whsites.net/files/Lagomorpha.nex]
[systbio.org.whsites.net/files/Castoe_et_al_SeqAlighment.nex]
[systbio.org.whsites.net/files/bacterial16s.nex]
[systbio.org.whsites.net/files/Kjer_Nexus_Oct_03.nex]
[systbio.org.whsites.net/files/MP_Insect_tree.pdf]
[systbio.org.whsites.net/index06a6.html]
[systbio.org.whsites.net/files/53.4cover.jpg]
[systbio.org.whsites.net/files/Muroid_total_ms.nex]
[systbio.org.whsites.net/files/Pons_et_al.19May03matrix.nex]
[systbio.org.whsites.net/files/ClustalW.nex]
[systbio.org.whsites.net/files/GapCoder.nex]
[systbio.org.whsites.net/files/POY.nex]
[systbio.org.whsites.net/files/Inagaki_psbA_master.nex]
[systbio.org.whsites.net/files/Inagaki_PsaA_prt.nex]
[systbio.org.whsites.net/files/Ho_and_Jermiin_26Aug03_betatub.nex]
[systbio.org.whsites.net/index7a61.html]
[systbio.org.whsites.net/files/53.5cover.jpg]
[systbio.org.whsites.net/files/Engstrom_et_al_26Nov02.nex]
[systbio.org.whsites.net/files/Engstrom_Appendix_1.doc]
[systbio.org.whsites.net/files/Engstrom_Appendix_2.doc]
[systbio.org.whsites.net/files/JordalandHewitt_2June03.nex]
[systbio.org.whsites.net/files/Townsend_cmos.nex]
[systbio.org.whsites.net/files/Townsend_mtDNA.nex]
[systbio.org.whsites.net/files/Townsend_RAG1.nex]
[systbio.org.whsites.net/files/Townsend_Online_Appendix.doc]
[systbio.org.whsites.net/files/bromham03.alignments.nex]
[systbio.org.whsites.net/files/PiPv.nex]
[systbio.org.whsites.net/files/Carstens_Appendix.doc]
[systbio.org.whsites.net/files/Ohomop_mtdna.nex]
[systbio.org.whsites.net/index167b.html]
[systbio.org.whsites.net/files/53.6cover.jpg]
[systbio.org.whsites.net/files/Androsace_combined_BI_MP.nex]
[systbio.org.whsites.net/files/Androsace_ITSlarge_BI.nex]
[systbio.org.whsites.net/files/Androsace_ITSlarge_MP.nex]
[systbio.org.whsites.net/files/Androsace_ITSsmall1_BI.nex]
[systbio.org.whsites.net/files/Androsace_ITSsmall1_MP.nex]
[systbio.org.whsites.net/files/Androsace_ITSsmall2_BI.nex]
[systbio.org.whsites.net/files/Androsace_ITSsmall2_MP.nex]
[systbio.org.whsites.net/files/ZwicklHolder_ap2and3.pdf]
[systbio.org.whsites.net/files/Popp_ITS.nex]
[systbio.org.whsites.net/files/Popp_RPA2.nex]
[systbio.org.whsites.net/files/Popp_RPB2.nex]
[systbio.org.whsites.net/files/Popp_RPD2.nex]
[systbio.org.whsites.net/files/Popp_Sil_komb.nex]
[systbio.org.whsites.net/files/Popp_rps16.nex]
[systbio.org.whsites.net/files/fork-full.pdf]
[systbio.org.whsites.net/files/sequences.aln]
[systbio.org.whsites.net/files/Pisani7September04.NEX]
[systbio.org.whsites.net/indexe6fc.html]
[systbio.org.whsites.net/files/VoglerData.nex]
[systbio.org.whsites.net/files/Appendix3.doc]
[systbio.org.whsites.net/files/VoglerEtAlSupplFig1.pdf]
[systbio.org.whsites.net/files/Yuan_et_al_data.nex]
[systbio.org.whsites.net/files/mccracken-SB-2003-35.nex]
[systbio.org.whsites.net/files/Baldwin.nex]
[systbio.org.whsites.net/files/Baldwin_excl.nex]
[systbio.org.whsites.net/files/Winkworth_etal.nex]
[systbio.org.whsites.net/files/Winkworth_etal_excl.nex]
[systbio.org.whsites.net/files/Holland_et_al_fig3_13Sept04.pdf]
[systbio.org.whsites.net/files/Holland_et_al_fig4_13Sept04.pdf]
[systbio.org.whsites.net/files/Sasaki_Append1.pdf]
[systbio.org.whsites.net/files/Sasaki_Append2.pdf]
[systbio.org.whsites.net/files/Sasaki_Append3.pdf]
[systbio.org.whsites.net/files/Sasaki_Append4.pdf]
[systbio.org.whsites.net/files/Sasaki_nexus.txt]
[systbio.org.whsites.net/files/sal-combined-MP.nex]
[systbio.org.whsites.net/files/salcombinedMrB.nex]
[systbio.org.whsites.net/files/salamander-morphadult-MP.nex]
[systbio.org.whsites.net/files/morphadultMrB.nex]
[systbio.org.whsites.net/files/sal-molecular-MP.nex]
[systbio.org.whsites.net/files/sal-molecularMrB.nex]
[systbio.org.whsites.net/files/salamander-morphadult-paedo.nex]
[systbio.org.whsites.net/files/paedoexcludedMrB.nex]
[systbio.org.whsites.net/files/RoelantsBossuyt.nex]
[systbio.org.whsites.net/index5854.html]
[systbio.org.whsites.net/files/Koopman20Feb02_1LAC46.nex]
[systbio.org.whsites.net/files/Koopman20Feb02_4849transpose.nex]
[systbio.org.whsites.net/files/regier_et_al_appendix.pdf]
[systbio.org.whsites.net/files/regier_et_al_data.nex]
[systbio.org.whsites.net/files/Hughes_Web.APPENDIX.doc]
[systbio.org.whsites.net/files/Hughes_Web.APPENDIX.pdf]
[systbio.org.whsites.net/files/HardyLinder_Appendix_1.doc]
[systbio.org.whsites.net/files/HardyLinder_Appendix_2.doc]
[systbio.org.whsites.net/index4081.html]
[systbio.org.whsites.net/files/Cassens_Appendix.txt]
[systbio.org.whsites.net/files/Cassens_Appendix_Figure.jpg]
[systbio.org.whsites.net/files/Brandley_et_al_data.NEX]
[systbio.org.whsites.net/files/Zhang_et_al_DATASET.nex]
[systbio.org.whsites.net/files/Pfeil_et_al_nexus.zip]
[systbio.org.whsites.net/files/Yang_and_Rannala_Karol.nex]
[systbio.org.whsites.net/files/Gatesy_and_Baker_Appendix.txt]
[systbio.org.whsites.net/index9fc7.html]
[systbio.org.whsites.net/files/Hill_Amniote_Matrix.nex]
[systbio.org.whsites.net/files/Hill_Appendices.pdf]
[systbio.org.whsites.net/files/matK.Lavin.et.al.nex]
[systbio.org.whsites.net/files/rbcL.Lavin.et.al.nex]
[systbio.org.whsites.net/files/Kennedy_et_al.nex]
[systbio.org.whsites.net/files/Cunha_et_al_Mito.nex]
[systbio.org.whsites.net/files/Cunha_et_al_nuclear.nex]
[systbio.org.whsites.net/files/Lavrov_Lang_data.nex]
[systbio.org.whsites.net/files/Lavrov_Lang.grappa]
[systbio.org.whsites.net/files/Lavrov.nex]
[systbio.org.whsites.net/index79d5.html]
[systbio.org.whsites.net/files/Wortley_etal_ndhF.nex]
[systbio.org.whsites.net/files/Wortley_etal_rbcL.nex]
[systbio.org.whsites.net/files/Huyse_Fin_parasites.nex]
[systbio.org.whsites.net/files/Huyse_Gill_parasites.nex]
[systbio.org.whsites.net/files/Huyse_Host_ITS.nex]
[systbio.org.whsites.net/files/Huyse_Host_mtDNA.nex]
[systbio.org.whsites.net/files/Poux_etal_ap2.doc]
[systbio.org.whsites.net/files/Poux_etal_ap3.pdf]
[systbio.org.whsites.net/files/Poux_etal_ap4.pdf]
[systbio.org.whsites.net/files/Poux_etal_ap5.doc]
[systbio.org.whsites.net/files/Poux_etal_data.nex]
[systbio.org.whsites.net/files/Brinkmann_online_tables.pdf]
[systbio.org.whsites.net/files/Brinkmann_online_fig.ps]
[systbio.org.whsites.net/files/Brinkmann_data.tar]
[systbio.org.whsites.net/files/Weisrock_ap1.doc]
[systbio.org.whsites.net/files/Weisrock_ap2.doc]
[systbio.org.whsites.net/files/Weisrock_Morph_Molec.nex]
[systbio.org.whsites.net/files/Weisrock_mtDNA.nex]
[systbio.org.whsites.net/files/Weisrock_rRNA.nex]
[systbio.org.whsites.net/files/Wiens_etal_ap2.doc]
[systbio.org.whsites.net/files/Wiens_etal_ap3.doc]
[systbio.org.whsites.net/files/Wiens_etal_ap4.doc]
[systbio.org.whsites.net/files/Wiens_etal_ap5.doc]
[systbio.org.whsites.net/files/Wiens_etal_alltaxa_alldata_paup.nex]
[systbio.org.whsites.net/files/Wiens_etal_alltaxa_alldata_MrB.nex]
[systbio.org.whsites.net/files/Wiens_etal_reducedtaxa_alldata_paup.nex]
[systbio.org.whsites.net/files/Wiens_etal_reducedtaxa_alldata_MrB.nex]
[systbio.org.whsites.net/files/Ren_etal_Rokas2003data.txt]
[systbio.org.whsites.net/files/BioMedNetNewsarticle.pdf]
[systbio.org.whsites.net/indexce29.html]
[systbio.org.whsites.net/files/Gaubert_matri.txt]
[systbio.org.whsites.net/files/Gaubert_ap2.pdf]
[systbio.org.whsites.net/files/Gaubert_ap2.xls]
[systbio.org.whsites.net/files/Gaubert_ap3.doc]
[systbio.org.whsites.net/files/Gaubert_ap4.doc]
[systbio.org.whsites.net/files/HolmanAppendix.txt]
[systbio.org.whsites.net/files/Bevan_MitochondrialTree.txt]
[systbio.org.whsites.net/files/Dunn_molecular_data.nex]
[systbio.org.whsites.net/files/Dunn_morphological_data.nex]
[systbio.org.whsites.net/files/Dunn_lsurface.txt]
[systbio.org.whsites.net/files/Dunn_secondchance.txt]
[systbio.org.whsites.net/files/Lewis_phylodiversity.nex]
[systbio.org.whsites.net/files/Lewis_mb.nex]
[systbio.org.whsites.net/files/Lewis_Figure2.txt]
[systbio.org.whsites.net/index66e2.html]
[systbio.org.whsites.net/files/Struck_et_al_29Nov2004_4Genes.nex]
[systbio.org.whsites.net/files/Struck_et_al_29Nov2004_16S.nex]
[systbio.org.whsites.net/files/Struck_et_al_29Nov2004_18S.nex]
[systbio.org.whsites.net/files/Struck_et_al_29Nov2004_COI.nex]
[systbio.org.whsites.net/files/MaddisonKnowlesSupplemental.zip]
[systbio.org.whsites.net/files/Schwarzetal.nex]
[systbio.org.whsites.net/files/BaronietalSupplemental.zip]
[systbio.org.whsites.net/files/unediteddatacreeretal.zip]
[systbio.org.whsites.net/files/Jansa_etal_Data.nex]
[systbio.org.whsites.net/files/Collinsetal_Comb-SysBio.NEX]
[systbio.org.whsites.net/files/Collinsetal_LSU-SysBio.NEX]
[systbio.org.whsites.net/files/Collinsetal_SSU-SysBio.NEX]
[systbio.org.whsites.net/files/Phillips_19Sept05.nex]
[systbio.org.whsites.net/files/HausdorfHennig-datasets.xls]
[systbio.org.whsites.net/indexd14f.html]
[systbio.org.whsites.net/files/55.2/asher_hofreiter_guide.doc]
[systbio.org.whsites.net/files/55.2/asher_hofreiter_suppdata.zip]
[systbio.org.whsites.net/files/55.2/Asher_Hofreiter_morph_data.doc]
[systbio.org.whsites.net/files/55.2/Asher_Hofreiter_sup_tables.doc]
[systbio.org.whsites.net/files/55.2/data_Lartillot_and_Philippe_2005.tar.gz]
[systbio.org.whsites.net/files/55.2/sources_Lartillot_and_Philippe_2005.tar.gz]
[systbio.org.whsites.net/files/55.2/Lanterbecq_ML_reconstruction_tree.pdf]
[systbio.org.whsites.net/files/55.2/Lanterbecq_Host_preference.pdf]
[systbio.org.whsites.net/files/55.2/Lanterbecq_Mesquite.nex]
[systbio.org.whsites.net/files/55.2/Lanterbecq_Myzos+Outgroup.sitx]
[systbio.org.whsites.net/files/55.2/Lanterbecq_Myzostomids only.sitx]
[systbio.org.whsites.net/files/55.2/Poux_et_al_29_July_2004.nex]
[systbio.org.whsites.net/files/55.2/Simmons_character-state.xls]
[systbio.org.whsites.net/files/55.2/Simmons_raw_PEST_data.xls]
[systbio.org.whsites.net/files/55.2/Simmons_summarized_data.xls]
[systbio.org.whsites.net/files/55.2/Mateiu_Rannala_phyAugSeqs.txt]
[systbio.org.whsites.net/files/55.2/berrysemple-sourcetrees.txt]
[systbio.org.whsites.net/files/55.2/berrysemple-supertree.txt]
[systbio.org.whsites.net/files/55.2/RLMueller_align_8Feb2005.nex]
[systbio.org.whsites.net/files/55.2/Finarelli_Flynn_Appendix.doc]
[systbio.org.whsites.net/files/55.2/Finarelli_Flynn_Appendix.xls]
[systbio.org.whsites.net/files/55.2/Ogden_Rosenberg_Appendix.doc]
[systbio.org.whsites.net/files/55.2/Sota_Sasabe_AllData.nex]
[systbio.org.whsites.net/indexe637.html]
[systbio.org.whsites.net/files/55.3cover.jpg]
[systbio.org.whsites.net/files/55/3/green.supermatrix.nex.gz]
[systbio.org.whsites.net/files/55/3/metazoa.supermatrix.nex.gz]
[systbio.org.whsites.net/files/55/3/taxon_names.pdf]
[systbio.org.whsites.net/files/55/3/Tavares_et_al_23Aug05.nex]
[systbio.org.whsites.net/files/55/3/Mueller&Reisz_Appendix.pdf]
[systbio.org.whsites.net/files/55/3/Appendix1.xls]
[systbio.org.whsites.net/files/55/3/Appendix2.xls]
[systbio.org.whsites.net/index4a0e.html]
[systbio.org.whsites.net/files/55/4/Beiko_et_al_Appendix1_21Apr06.doc]
[systbio.org.whsites.net/files/55/4/Beiko_Alignments.tar.gz]
[systbio.org.whsites.net/files/55/4/ Pons.pdf]
[systbio.org.whsites.net/files/55/4/DNAtaxData.nex]
[systbio.org.whsites.net/files/55/4/Won&Renner_SB_App1.doc]
[systbio.org.whsites.net/files/55/4/Won&Renner_SB_App2.doc]
[systbio.org.whsites.net/files/55/4/Won&Renner_SB_App3.doc]
[systbio.org.whsites.net/files/55/4/Won&Renner_SB_App4.doc]
[systbio.org.whsites.net/files/55/4/Won&Renner_SB_App5.doc]
[systbio.org.whsites.net/files/55/4/Won&Renner_SB_App6.doc]
[systbio.org.whsites.net/files/55/4/Won&Renner_SB_SupplFig1.ps]
[systbio.org.whsites.net/files/55/4/Won&Renner_SB_SupplFig2.pict]
[systbio.org.whsites.net/files/55/4/Won&Renner_SB_SupplFig3.pdf]
[systbio.org.whsites.net/files/55/4/Won&Renner_SB_SupplFig4.pdf]
[systbio.org.whsites.net/files/55/4/Won&Renner_SB_SupplFig5.pdf]
[systbio.org.whsites.net/files/55/4/Won&Renner_SB_SupplFig6.pict]
[systbio.org.whsites.net/index8963.html]
[systbio.org.whsites.net/files/55/5/Wahlberg_Revised_13Apr2006_Electronic_Appendix_fig.pdf]
[systbio.org.whsites.net/files/55/5/Wahlberg_Revised_13Apr2006_Electronic_Appendix_table.xls]
[systbio.org.whsites.net/files/55/5/Boussau_And_Gouy_SequenceNames_23May06.pdf]
[systbio.org.whsites.net/files/55/5/Boussau_And_Gouy_Phylogeny_Alignment_23May06.nex]
[systbio.org.whsites.net/files/55/5/Boussau_And_Gouy_SlowlyEvolvingStemSites_23May06.nex]
[systbio.org.whsites.net/files/55/5/Yesson_&_Culham_19June06_supplementary_material.xls]
[systbio.org.whsites.net/files/55/5/AnnotationTable.doc]
[systbio.org.whsites.net/files/55/5/dense.nex.Z]
[systbio.org.whsites.net/files/55/5/dense.tre.gz]
[systbio.org.whsites.net/files/55/5/sparse.nex.Z]
[systbio.org.whsites.net/files/55/5/sparse.tre.gz]
[systbio.org.whsites.net/files/55/5/Meier_et_al._Appendix_1_10April06.pdf]
[systbio.org.whsites.net/files/55/5/Meier_et_al._Appendix_2_10April06.pdf]
[systbio.org.whsites.net/files/55/5/Meier_et_al._suppl.mat._1_10April06.pdf]
[systbio.org.whsites.net/files/55/5/Meier_et_al._suppl.mat._2_10April06.pdf]
[systbio.org.whsites.net/files/55/5/Meier_et_al._suppl.mat._3_10April06.pdf]
[systbio.org.whsites.net/files/55/5/Meier_et_al._suppl.mat._4_10April06.pdf]
[systbio.org.whsites.net/files/55/5/Meier_et_al._dataset_10April06.nex]
[systbio.org.whsites.net/files/55/5/brinkmann2005.datasets.tar.gz]
[systbio.org.whsites.net/index7a24.html]
[systbio.org.whsites.net/files/55.6cover.jpg]
[systbio.org.whsites.net/files/55/6/kordis_et_al_22_May06_appendix.txt]
[systbio.org.whsites.net/files/55/6/kordis_et_al_22_May06_suppl_tables.pdf]
[systbio.org.whsites.net/files/55/6/USYB-2006-131.R1.SuppMat.doc]
[systbio.org.whsites.net/files/55/6/USYB-2006-004.R2_supplementary.pdf]
[systbio.org.whsites.net/files/55/6/Supplementary_Table_1.doc]
[systbio.org.whsites.net/files/55/6/Supplementary_Table_2.doc]
[systbio.org.whsites.net/files/55/6/Supplementary_Table_3.doc]
[systbio.org.whsites.net/files/55/6/Supplementary_Data.doc]
[systbio.org.whsites.net/files/55/6/Supplemental_Figure_S-1.doc]
[systbio.org.whsites.net/files/55/6/Smythe_et_al._4.27.06.nex.tar.gz]
[systbio.org.whsites.net/files/55/6/TreeTests.tar]
[systbio.org.whsites.net/index68cd.html]
[systbio.org.whsites.net/files/56.1cover.jpg]
[systbio.org.whsites.net/files/56/1/Spencer_etal_data.nex]
[systbio.org.whsites.net/files/56/1/Tree0.001.tre]
[systbio.org.whsites.net/files/56/1/Tree0.01.tre]
[systbio.org.whsites.net/files/56/1/Tree0.1.tre]
[systbio.org.whsites.net/files/56/1/Tree1.tre]
[systbio.org.whsites.net/files/56/1/Holland_et_al_5Apr2006_SupplementaryInfo.xls]
[systbio.org.whsites.net/files/56/1/CarnivoraTrees.tre]
[systbio.org.whsites.net/files/56/1/FelidaeTrees.tre]
[systbio.org.whsites.net/files/56/1/FungalTrees.tre]
[systbio.org.whsites.net/files/56/1/HerpestidaeTrees.tre]
[systbio.org.whsites.net/files/56/1/LutrinaeTrees.tre]
[systbio.org.whsites.net/files/56/1/MephitinaeTrees.tre]
[systbio.org.whsites.net/files/56/1/MustelidaeTrees.tre]
[systbio.org.whsites.net/files/56/1/OtariidaeTrees.tre]
[systbio.org.whsites.net/files/56/1/PhocidaeTrees.tre]
[systbio.org.whsites.net/files/56/1/ProcyonidaeTrees.tre]
[systbio.org.whsites.net/files/56/1/SeabirdTrees.tre]
[systbio.org.whsites.net/files/56/1/UrsidaeTrees.tre]
[systbio.org.whsites.net/files/56/1/ViverridaeTrees.tre]
[systbio.org.whsites.net/files/56/1/WaspTrees.tre]
[systbio.org.whsites.net/files/56/1/erotylid.nex]
[systbio.org.whsites.net/files/56/1/StefVigoda_SysBio_SOM.pdf]
[systbio.org.whsites.net/files/56/1/Karls_letter_for_website.doc]
[systbio.org.whsites.net/files/56/1/Karls_letter_for_website.pdf]
[systbio.org.whsites.net/files/56/1/Karl_alignment.nex]
[systbio.org.whsites.net/files/56/1/Karen_alignment.nex]
[systbio.org.whsites.net/files/56/1/Joe_alignment.nex]
[systbio.org.whsites.net/indexbd98.html]
[systbio.org.whsites.net/files/56.2cover.jpg]
[systbio.org.whsites.net/files/56/2/Syring.LEA.quinque.nex]
[systbio.org.whsites.net/files/56/2/POY_parameter_set_literature_search.xls]
[systbio.org.whsites.net/files/56/2/Emerson.txt]
[systbio.org.whsites.net/indexb765.html]
[systbio.org.whsites.net/indexf2a1.html]
[systbio.org.whsites.net/files/56.4cover.jpg]
[systbio.org.whsites.net/files/56/4/Hugall150_supp_v3.pdf]
[systbio.org.whsites.net/files/56/4/Talavera_et_al_Appendix.pdf]
[systbio.org.whsites.net/files/56/4/74_comb_final.nex]
[systbio.org.whsites.net/files/56/4/Online_Appendix.doc]
[systbio.org.whsites.net/files/56/4/submitRBP1.nxs]
[systbio.org.whsites.net/files/56/4/submit_trnM_atpEspacer.nxs]
[systbio.org.whsites.net/files/56/4/BurleighMathews2004.nex]
[systbio.org.whsites.net/files/56/4/SandersonEtal2000.nex]
[systbio.org.whsites.net/files/56/4/BACTERIA.tar.gz]
[systbio.org.whsites.net/files/56/4/EUCARYA.tar.gz]
[systbio.org.whsites.net/files/56/4/MITO.tar.gz]
[systbio.org.whsites.net/files/56/4/Pereiraetal_USYB-2006-161.nex]
[systbio.org.whsites.net/indexacd7.html]
[systbio.org.whsites.net/files/56.5cover.jpg]
[systbio.org.whsites.net/files/56/5/Rodrigue_et_al_data.tar.gz]
[systbio.org.whsites.net/files/56/5/Whelan_results.tar.gz]
[systbio.org.whsites.net/files/56/5/suppl_testseq_PATHd8]
[systbio.org.whsites.net/files/56/5/suppl_phylograms_PATHd8]
[systbio.org.whsites.net/files/56/5/Cobbett_et_al.,_21_June_07_Online_Appendix.xls]
[systbio.org.whsites.net/files/56/5/Online_Appendix_1_Legend.doc]
[systbio.org.whsites.net/files/56/5/Appendix_1.doc]
[systbio.org.whsites.net/files/56/5/Appendix_2.doc]
[systbio.org.whsites.net/files/56/5/Appendix_4.doc]
[systbio.org.whsites.net/files/56/5/Appendix_5.doc]
[systbio.org.whsites.net/files/56/5/Appendix6A_Manual_Alignment.nex]
[systbio.org.whsites.net/files/56/5/Appendix6B_Prank_Alignment.nex]
[systbio.org.whsites.net/files/56/5/Appendix_7A.doc]
[systbio.org.whsites.net/files/56/5/Appendix_7B.doc]
[systbio.org.whsites.net/files/56/5/Appendix_9.doc]
[systbio.org.whsites.net/files/56/5/Supplemental_Append.doc]
[systbio.org.whsites.net/files/56/5/Joly_online_supplementary_file.pdf]
[systbio.org.whsites.net/files/56/5/Knappetal15_dec_2006_matK.nxs]
[systbio.org.whsites.net/files/56/5/Knappetal15_dec_2006_trnD-trnT.nxs]
[systbio.org.whsites.net/files/56/5/Knappetal15_dec_2006_rbcL.nxs]
[systbio.org.whsites.net/files/56/5/Knappetal15_dec_2006_concatenated.nxs]
[systbio.org.whsites.net/files/56/5/Setoguchi_rbcL.nxs]
[systbio.org.whsites.net/index1fd6.html]
[systbio.org.whsites.net/files/56.6cover.jpg]
[systbio.org.whsites.net/files/56/6/Phelsuma.sequences.xls]
[systbio.org.whsites.net/files/56/6/Phlesuma.localities.xls]
[systbio.org.whsites.net/files/56/6/Godfray_et_al._May_16_Online_Appendix.doc]
[systbio.org.whsites.net/files/56/6/Supplementary.doc]
[systbio.org.whsites.net/files/56/6/Supplementary.zip]
[systbio.org.whsites.net/index319f.html]
[systbio.org.whsites.net/files/57.1cover.jpg]
[systbio.org.whsites.net/files/57/1/psychotria_data.txt]
[systbio.org.whsites.net/files/57/1/Demere_etal_Supermatrix.nex]
[systbio.org.whsites.net/files/57/1/Demere_etal_Dental.nex]
[systbio.org.whsites.net/files/57/1/Suppl.Table.1.MJM.JS.5.Feb.doc]
[systbio.org.whsites.net/files/57/1/Suppl.Table.2.Jan25.doc]
[systbio.org.whsites.net/files/57/1/Suppl.table.3.4.dates.rev.6.doc]
[systbio.org.whsites.net/files/57/1/comprehensivegaps.nex]
[systbio.org.whsites.net/files/57/1/comprehensivenogaps.nex]
[systbio.org.whsites.net/files/57/1/reduced5gene.nex]
[systbio.org.whsites.net/files/57/1/reducedArgK.nex]
[systbio.org.whsites.net/files/57/1/reducedEF1a.nex]
[systbio.org.whsites.net/files/57/1/reducedPEPCK.nex]
[systbio.org.whsites.net/files/57/1/reducedno16S.nex]
[systbio.org.whsites.net/files/57/1/reducedopsin.nex]
[systbio.org.whsites.net/files/57/1/Appendix_1_Data_and_model_selection_information.pdf]
[systbio.org.whsites.net/files/57/1/Appendix_2_AIC_delta_values_for_alternative_models.pdf]
[systbio.org.whsites.net/files/57/1/Appendix_3_BIC_delta_values_for_alternative_models.pdf]
[systbio.org.whsites.net/files/57/1/Appendix_4_DT_delta_values_for_alternative_models.pdf]
[systbio.org.whsites.net/files/57/1/Appendix_5_Model_selection_information_for_condensed_data.pdf]
[systbio.org.whsites.net/files/57/1/Appendix_6_Symmetric_difference_distances.pdf]
[systbio.org.whsites.net/files/57/1/Appendix_7_Bootstrap_support_for_variable_nodes.pdf]
[systbio.org.whsites.net/files/57/1/Appendix_8_Difference_in_bootstrap_support_for_conserved_nodes.pdf]
[systbio.org.whsites.net/files/57/1/Appendix_9_Swofford-Olsen-Waddell-Hillis_equivalency_tests.pdf]
[systbio.org.whsites.net/files/57/1/Appendix_10_Shimodaira-Hasegawa_tests_of_phylogenetic_hypotheses.pdf]
[systbio.org.whsites.net/files/57/1/Appendix_11_Swofford-Olsen-Waddell-Hillis_tests_of_phylogenetic_hypotheses.pdf]
[systbio.org.whsites.net/files/57/1/LaknerEtAl_SUPPLEMENT_A_03Oct07.pdf]
[systbio.org.whsites.net/files/57/1/LaknerEtAl_SUPPLEMENT_B_03Oct07.pdf]
[systbio.org.whsites.net/files/57/1/ds1.nex]
[systbio.org.whsites.net/files/57/1/ds2.nex]
[systbio.org.whsites.net/files/57/1/ds3.nex]
[systbio.org.whsites.net/files/57/1/ds4.nex]
[systbio.org.whsites.net/files/57/1/ds5.nex]
[systbio.org.whsites.net/files/57/1/ds6.nex]
[systbio.org.whsites.net/files/57/1/ds7.nex]
[systbio.org.whsites.net/files/57/1/ds8.nex]
[systbio.org.whsites.net/files/57/1/ds9.nex]
[systbio.org.whsites.net/files/57/1/ds10.nex]
[systbio.org.whsites.net/files/57/1/ds11.nex]
[systbio.org.whsites.net/files/57/1/ds12.nex]
[systbio.org.whsites.net/files/57/1/Lecanorales.nex]
[systbio.org.whsites.net/files/57/1/ascus_coding_preferred.txt]
[systbio.org.whsites.net/files/57/1/ascus_coding_alternative.txt]
[systbio.org.whsites.net/files/57/1/fivetaxonSuppFinal.pdf]
[systbio.org.whsites.net/files/57/1/Heath_et_al_Appendix.doc]
[systbio.org.whsites.net/indexd909.html]
[systbio.org.whsites.net/files/57.2cover.jpg]
[systbio.org.whsites.net/files/57/2/Clarke_Middleton_Files.tar.gz]
[systbio.org.whsites.net/files/57/2/Clarke_Middleton_Supplementary_Figure_1.ps]
[systbio.org.whsites.net/files/57/2/Clarke_Middleton_Supplementary_Figure_1.pdf]
[systbio.org.whsites.net/files/57/2/Zhang_et_al_2008_Appendix_I.doc]
[systbio.org.whsites.net/files/57/2/Zhang_et_al_2008_Appendix_II.nex]
[systbio.org.whsites.net/files/57/2/Zhang_et_al_2008_Appendix_III.pdf]
[systbio.org.whsites.net/files/57/2/Zhang_et_al_2008_Appendix_IV.dat]
[systbio.org.whsites.net/files/57/2/RossetalSupplementaryMaterials_22Jan08.pdf]
[systbio.org.whsites.net/files/57/2/Appendix_CAD.gif]
[systbio.org.whsites.net/files/57/2/Appendix_Hybrid_primers.txt]
[systbio.org.whsites.net/files/57/2/Appendix_COI.gif]
[systbio.org.whsites.net/files/57/2/Appendix_Random_Datasets.doc]
[systbio.org.whsites.net/files/57/2/Appendix_DDC.gif]
[systbio.org.whsites.net/files/57/2/Appendix_ArgKin.gif]
[systbio.org.whsites.net/files/57/2/Appendix_EF1a.gif]
[systbio.org.whsites.net/files/57/2/Appendix_GAPDH.gif]
[systbio.org.whsites.net/files/57/2/Appendix_HSP70.gif]
[systbio.org.whsites.net/files/57/2/Appendix_IDH.gif]
[systbio.org.whsites.net/files/57/2/Appendix_MDH.gif]
[systbio.org.whsites.net/files/57/2/Appendix_RpS2.gif]
[systbio.org.whsites.net/files/57/2/Appendix_RpS5.gif]
[systbio.org.whsites.net/files/57/2/Appendix_wingless.gif]
[systbio.org.whsites.net/files/57/2/Appendix_Reduced_taxa_balanced.gif]
[systbio.org.whsites.net/files/57/2/Appendix_Reduced_taxa_unbalanced.gif]
[systbio.org.whsites.net/files/57/2/Appendix_PBS_values.pdf]
[systbio.org.whsites.net/files/57/2/Appendix_List_of_taxa.doc]
[systbio.org.whsites.net/files/57/2/Appendix_Long_exon_genes.doc]
[systbio.org.whsites.net/files/57/2/Appendix_PCR_protocols_and_primers.doc]
[systbio.org.whsites.net/files/57/2/Nylander_et_al_23Jan08_Suppl_Table.xls]
[systbio.org.whsites.net/files/57/2/Nylander_et_al_23Jan08_Suppl_Figure.doc]
[systbio.org.whsites.net/files/57/2/Nylander_et_al_23Jan08_Suppl_Figure.ps]
[systbio.org.whsites.net/files/57/2/Online_Appendix_1_R2.xls]
[systbio.org.whsites.net/files/57/2/Online_Appendix_2_R2.xls]
[systbio.org.whsites.net/files/57/2/Online_Appendix_3_R2.doc]
[systbio.org.whsites.net/files/57/2/Online_Appendix_4_R2.doc]
[systbio.org.whsites.net/files/57/2/Online_Appendix_5_R2.doc]
[systbio.org.whsites.net/files/57/2/TBO26.nex]
[systbio.org.whsites.net/files/57/2/TBO47.nex]
[systbio.org.whsites.net/files/57/2/TBO53-2.NEX]
[systbio.org.whsites.net/files/57/2/TBO59.nex]
[systbio.org.whsites.net/files/57/2/TBO64-2.nex]
[systbio.org.whsites.net/files/57/2/TBO72-2.nex]
[systbio.org.whsites.net/files/57/2/Burbrink_and_Pyron_12_September_Appendix.doc]
[systbio.org.whsites.net/indexf104.html]
[systbio.org.whsites.net/index70e7.html]
[systbio.org.whsites.net/files/57.3cover.jpg]
[systbio.org.whsites.net/files/57/3/Holland_et_al_Suppl_Files.zip]
[systbio.org.whsites.net/files/57/3/seo_data.zip]
[systbio.org.whsites.net/files/57/3/TableS1.doc]
[systbio.org.whsites.net/files/57/3/Appendix.doc]
[systbio.org.whsites.net/files/57/3/Dohrmann_et_al_data.tar]
[systbio.org.whsites.net/files/57/3/chase.consensus.pdf]
[systbio.org.whsites.net/files/57/3/sanderson.consensus.pdf]
[systbio.org.whsites.net/files/57/3/sav_atpB.consensus.pdf]
[systbio.org.whsites.net/files/57/3/sav_rbcL.consensus.pdf]
[systbio.org.whsites.net/files/57/3/bglobin.in]
[systbio.org.whsites.net/files/57/3/sanderson.in]
[systbio.org.whsites.net/files/57/3/savolainen.atpB.in]
[systbio.org.whsites.net/files/57/3/savolainen.rbcL.in]
[systbio.org.whsites.net/files/57/3/zilla.in]
[systbio.org.whsites.net/files/57/3/Wiens_et_al_Appendix1.doc]
[systbio.org.whsites.net/files/57/3/Wiens_et_al_Appendix2.doc]
[systbio.org.whsites.net/files/57/3/Wiens_et_al_Appendix3.doc]
[systbio.org.whsites.net/files/57/3/APPENDIX_2.doc]
[systbio.org.whsites.net/files/57/3/APPENDIX_3.doc]
[systbio.org.whsites.net/files/57/3/APPENDIX_4.doc]
[systbio.org.whsites.net/files/57/3/MaureiraButler20Feb07_Supp_Fig1.tiff]
[systbio.org.whsites.net/files/57/3/Supplemental_Table_1.doc]
[systbio.org.whsites.net/files/57/3/Suplemental_data_1._Determining_the_type_1_error_rate_3.doc]
[systbio.org.whsites.net/files/57/3/CNGC5.nex]
[systbio.org.whsites.net/files/57/3/B-cop.nex]
[systbio.org.whsites.net/files/57/3/rps14_cob.nex]
[systbio.org.whsites.net/files/57/3/HOST_cpDNA.nex]
[systbio.org.whsites.net/files/57/3/ENDO_tef1-tub2.nex]
[systbio.org.whsites.net/files/57/3/AccNum.xls]
[systbio.org.whsites.net/files/57/3/AsherResponse.nex]
[systbio.org.whsites.net/indexc652.html]
[systbio.org.whsites.net/files/57/4/52fish10gene.nex]
[systbio.org.whsites.net/files/57/4/suppfig1-1.ps]
[systbio.org.whsites.net/files/57/4/suppfig1-2.ps]
[systbio.org.whsites.net/files/57/4/suppfig1-3.ps]
[systbio.org.whsites.net/files/57/4/suppfig1-4.ps]
[systbio.org.whsites.net/files/57/4/suppfig1-5.ps]
[systbio.org.whsites.net/files/57/4/suppfig1-6.ps]
[systbio.org.whsites.net/files/57/4/LemmonLemmon_14May08-SupMat.pdf]
[systbio.org.whsites.net/files/57/4/harmonetal_sequences.nex]
[systbio.org.whsites.net/files/57/4/harmonetal_morpho_spmeans.txt]
[systbio.org.whsites.net/files/57/4/ppFINALsupp.doc]
[systbio.org.whsites.net/files/57/4/McGowen_et_al_AllGenes_Concat.nex]
[systbio.org.whsites.net/files/57/4/McGowen_et_al_Cetacea+Bos.nex]
[systbio.org.whsites.net/files/57/4/McGowen_et_al_Cetacea+Boswgaps.nex]
[systbio.org.whsites.net/files/57/4/McGowen_et_al_Cetaceansonly.nex]
[systbio.org.whsites.net/files/57/4/McGowen_et_al_CetaceansonlywGaps.nex]
[systbio.org.whsites.net/files/57/4/McGowen_et_al_GeneTreeAllGenes_Pars.dat]
[systbio.org.whsites.net/files/57/4/McGowen_et_al_GeneTreeAllgenes_Bayes.nex]
[systbio.org.whsites.net/files/57/4/McGowen_et_al_ORGenes_concat.nex]
[systbio.org.whsites.net/files/57/4/McGowen_et_al_ORGenesw6A_Concat.nex]
[systbio.org.whsites.net/files/57/4/Revell_etal_6Nov07.data.tar.gz]
[systbio.org.whsites.net/files/57/4/OnlineAppendices.pdf]
[systbio.org.whsites.net/files/57/4/nca_online_supplement.doc]
[systbio.org.whsites.net/files/57/4/Bond&Stockman_ITS.nex]
[systbio.org.whsites.net/files/57/4/Bond&Stockman_mtDNA.nex]
[systbio.org.whsites.net/files/57/4/supplementrydoc_new.pdf]
[systbio.org.whsites.net/indexed9c.html]
[systbio.org.whsites.net/files/57/5/Baele_et_al._Supplementary_Material.doc]
[systbio.org.whsites.net/files/57/5/Baele_et_al._AncestralRepeatsDataset.nex]
[systbio.org.whsites.net/files/57/5/Baele_et_al._NuclearSSUrRNADataset.nex]
[systbio.org.whsites.net/files/57/5/Clark_et_al_appendix_1.doc]
[systbio.org.whsites.net/files/57/5/Clark_et_al_20Feb08_matrix.nex]
[systbio.org.whsites.net/files/57/5/Lanfear_10Jan08_Appendix1.pdf]
[systbio.org.whsites.net/files/57/5/Lanfear_10Jan08_Appendix2.pdf]
[systbio.org.whsites.net/files/57/5/Lanfear_10Jan08_Dataset.nex]
[systbio.org.whsites.net/files/57/5/onlinesup6.18.08.doc]
[systbio.org.whsites.net/files/57/5/appendix.pdf]
[systbio.org.whsites.net/files/57/5/figureA1.pdf]
[systbio.org.whsites.net/files/57/5/figureA2.pdf]
[systbio.org.whsites.net/files/57/5/figureA3.pdf]
[systbio.org.whsites.net/files/57/5/worked_example.pdf]
[systbio.org.whsites.net/files/57/5/Acer_Biogeo_Appendix1.doc]
[systbio.org.whsites.net/files/57/5/Sapindales_rbcL_UCLN.out]
[systbio.org.whsites.net/files/57/5/Acer_59.6619datafile.txt]
[systbio.org.whsites.net/files/57/5/Acer_74.6680datafile.txt]
[systbio.org.whsites.net/files/57/5/Sapindales98rbcL_data.txt]
[systbio.org.whsites.net/files/57/5/suppl_mat_1_Meier_et_al_barcoding_gap_11.5.08.pdf]
[systbio.org.whsites.net/files/57/5/suppl_mat_2_Meier_et_al_barcoding_gap_22.5.08.pdf]
[systbio.org.whsites.net/files/57/5/suppl_mat_3_Meier_et_al_barcoding_gap_11.5.08.pdf]
[systbio.org.whsites.net/indexa590.html]
[systbio.org.whsites.net/files/57.6cover.jpg]
[systbio.org.whsites.net/files/57/6/Lake_et_al_24July_OnlineSup.doc]
[systbio.org.whsites.net/files/57/6/EvolSimConfig.tar.gz]
[systbio.org.whsites.net/files/57/6/nBLASTPtrees.tar.gz]
[systbio.org.whsites.net/files/57/6/SuppFigure1.pdf]
[systbio.org.whsites.net/files/57/6/SuppFig1-Legend.doc]
[systbio.org.whsites.net/files/57/6/Dalebout_data.nex]
[systbio.org.whsites.net/files/57/6/Appendix_1.doc]
[systbio.org.whsites.net/files/57/6/Dornburg_et_al_2008_appen.doc]
[systbio.org.whsites.net/files/57/6/online_Appendix1_4Sep08.doc]
[systbio.org.whsites.net/files/57/6/online_Appendix2_4Sep08.doc]
[systbio.org.whsites.net/files/57/6/online_Appendix3_4Sep08.doc]
[systbio.org.whsites.net/files/57/6/online_Appendix4_4Sep08.txt]
[systbio.org.whsites.net/files/57/6/online_Appendix5_4Sep08.txt]
[systbio.org.whsites.net/files/57/6/Whitfield_et_al.10Jan08_beetrees.txt]
[systbio.org.whsites.net/files/57/6/Whitfield_et_al.10Jan08_wasptrees.txt]
[systbio.org.whsites.net/index5c29.html]
[systbio.org.whsites.net/node/138.html]
[systbio.org.whsites.net/node/72.html]
[systbio.org.whsites.net/node/63.html]
[systbio.org.whsites.net/sedwards@fas.harvard.html]
[systbio.org.whsites.net/psoltis@flmnh.ufl.html]
[systbio.org.whsites.net/node/22.html]
[systbio.org.whsites.net/index1321.html]
[systbio.org.whsites.net/index13ae.html]
[systbio.org.whsites.net/index1293.html]
[systbio.org.whsites.net/index0fa9.html]
[systbio.org.whsites.net/index4c84.html]
[systbio.org.whsites.net/indexd051.html]
[systbio.org.whsites.net/index7e7a.html]
[systbio.org.whsites.net/index5a5c.html]
[systbio.org.whsites.net/index7dc8.html]
[systbio.org.whsites.net/index3f48.html]
[systbio.org.whsites.net/indexfb87.html]
[systbio.org.whsites.net/index5f86.html]
[systbio.org.whsites.net/index7497.html]
[systbio.org.whsites.net/node/150.html]
[systbio.org.whsites.net/indexbaab.html]
[systbio.org.whsites.net/index1ce6.html]
[systbio.org.whsites.net/indexb43c.html]
[systbio.org.whsites.net/index5485.html]
[systbio.org.whsites.net/index156a.html]
[systbio.org.whsites.net/index6f20.html]
[systbio.org.whsites.net/indexb963.html]
[systbio.org.whsites.net/index4f12.html]
[systbio.org.whsites.net/indexda14.html]
[systbio.org.whsites.net/index82fc.html]
[systbio.org.whsites.net/index3e8e.html]
[systbio.org.whsites.net/index9bf8.html]
[systbio.org.whsites.net/index2a03.html]
[systbio.org.whsites.net/index2a95.html]
[systbio.org.whsites.net/indexc4e8.html]
[systbio.org.whsites.net/indexa3dd.html]
[systbio.org.whsites.net/indexbe61.html]
[systbio.org.whsites.net/indexd93b.html]
[systbio.org.whsites.net/indexffbc.html]
[systbio.org.whsites.net/indexc97a.html]
[systbio.org.whsites.net/index0470.html]
[systbio.org.whsites.net/indexec99.html]
[systbio.org.whsites.net/index6e3e.html]
[systbio.org.whsites.net/index7fc3.html]
[systbio.org.whsites.net/indexedea.html]
[systbio.org.whsites.net/index81c8.html]
[systbio.org.whsites.net/indexe8cf.html]
[systbio.org.whsites.net/indexd1db.html]
[systbio.org.whsites.net/indexc7f4.html]
[systbio.org.whsites.net/index8c04.html]
[systbio.org.whsites.net/index7e8f.html]
[systbio.org.whsites.net/indexa284.html]
[systbio.org.whsites.net/index4c92.html]
[systbio.org.whsites.net/index391a.html]
[systbio.org.whsites.net/index49a1.html]
[systbio.org.whsites.net/indexea72.html]
[systbio.org.whsites.net/indexd875.html]
[systbio.org.whsites.net/index5215.html]
[systbio.org.whsites.net/index2e49.html]
[systbio.org.whsites.net/index9d9f.html]
[systbio.org.whsites.net/indexeec1.html]
[systbio.org.whsites.net/indexb287.html]
[systbio.org.whsites.net/indexbc3e.html]
[systbio.org.whsites.net/indexe61c.html]
[systbio.org.whsites.net/index9e04.html]
[systbio.org.whsites.net/index5c22.html]
[systbio.org.whsites.net/indexf895.html]
[systbio.org.whsites.net/index75ad.html]
[systbio.org.whsites.net/indexd5dd.html]
[systbio.org.whsites.net/index3d9f.html]
[systbio.org.whsites.net/index1d1e.html]
[systbio.org.whsites.net/index559e.html]
[systbio.org.whsites.net/index1bdb.html]
[systbio.org.whsites.net/index6188.html]
[systbio.org.whsites.net/index9715.html]
[systbio.org.whsites.net/indexbd15.html]
[systbio.org.whsites.net/index4678.html]
[systbio.org.whsites.net/index5f4b.html]
[systbio.org.whsites.net/index9fd5.html]
[systbio.org.whsites.net/indexa1ac.html]
[systbio.org.whsites.net/index7fe1.html]
[systbio.org.whsites.net/indexf52b.html]
[systbio.org.whsites.net/indexf1ef.html]
[systbio.org.whsites.net/indexeb5c.html]
[systbio.org.whsites.net/indexc2e4.html]
[systbio.org.whsites.net/index42ec.html]
[systbio.org.whsites.net/indexaad1.html]
[systbio.org.whsites.net/index4dae.html]
[systbio.org.whsites.net/index6ddc.html]
[systbio.org.whsites.net/www.biosyst-berlin-2011.html]
[systbio.org.whsites.net/index59dc.html]
[systbio.org.whsites.net/index8401.html]
[systbio.org.whsites.net/index653d.html]
[systbio.org.whsites.net/index6364.html]
[systbio.org.whsites.net/index80fe.html]
[systbio.org.whsites.net/index8591.html]
[systbio.org.whsites.net/indexa21d.html]
[systbio.org.whsites.net/index7af2.html]
[systbio.org.whsites.net/indexfd6e.html]
[systbio.org.whsites.net/indexfcfb.html]
[systbio.org.whsites.net/indexad88.html]
[systbio.org.whsites.net/indexabad.html]
[systbio.org.whsites.net/index918e.html]
[systbio.org.whsites.net/(http_/_br/_evolutionmeetings09.html]
[systbio.org.whsites.net/indexdfca.html]
[systbio.org.whsites.net/index2d90.html]
[systbio.org.whsites.net/index16ca.html]
[systbio.org.whsites.net/index3414.html]
[systbio.org.whsites.net/index5a9e.html]
[systbio.org.whsites.net/index9bc0.html]
[systbio.org.whsites.net/index72bd.html]
[systbio.org.whsites.net/index82d3.html]
[systbio.org.whsites.net/index6960.html]
[systbio.org.whsites.net/index7f14.html]
[systbio.org.whsites.net/index5eaa.html]
[systbio.org.whsites.net/index0c53.html]
[systbio.org.whsites.net/index7400.html]
[systbio.org.whsites.net/index0f54.html]
[systbio.org.whsites.net/index2619.html]
[systbio.org.whsites.net/index6b40.html]
[systbio.org.whsites.net/index7694.html]
[systbio.org.whsites.net/index2aa3.html]
[systbio.org.whsites.net/index2f2b.html]
[systbio.org.whsites.net/indexc3a2.html]
[systbio.org.whsites.net/index065e.html]
[systbio.org.whsites.net/index1630.html]
[systbio.org.whsites.net/index7800.html]
[systbio.org.whsites.net/indexf92e.html]
[systbio.org.whsites.net/indexe823.html]
[systbio.org.whsites.net/index8b76.html]
[systbio.org.whsites.net/indexc0e0.html]
[systbio.org.whsites.net/index99ef.html]
[systbio.org.whsites.net/index702c.html]
[systbio.org.whsites.net/indexbbe8.html]
[systbio.org.whsites.net/indexef91.html]
[systbio.org.whsites.net/index1f9c.html]
[systbio.org.whsites.net/indexb988.html]
[systbio.org.whsites.net/indexf3e7.html]
[systbio.org.whsites.net/indexd917.html]
[systbio.org.whsites.net/index9f1c.html]
[systbio.org.whsites.net/indexbcb0.html]
[systbio.org.whsites.net/index63ba.html]
[systbio.org.whsites.net/indexca7c.html]
[systbio.org.whsites.net/indexfa75.html]
[systbio.org.whsites.net/indexfed4.html]
[systbio.org.whsites.net/index22ba.html]
[systbio.org.whsites.net/index19bf.html]
[systbio.org.whsites.net/index8e00.html]
[systbio.org.whsites.net/index8286.html]
[systbio.org.whsites.net/piel@treebase.html]
[systbio.org.whsites.net/index8854.html]
[systbio.org.whsites.net/index2a9a.html]
[systbio.org.whsites.net/index05a7.html]
[systbio.org.whsites.net/indexb9b8.html]
[systbio.org.whsites.net/index98fb.html]
[systbio.org.whsites.net/index1db8.html]
[systbio.org.whsites.net/index20c5.html]
[systbio.org.whsites.net/indexcfcf.html]
[systbio.org.whsites.net/index8e65.html]
[systbio.org.whsites.net/index7bb8.html]
[systbio.org.whsites.net/index066b.html]
[systbio.org.whsites.net/index5241.html]
[systbio.org.whsites.net/index919f.html]
[systbio.org.whsites.net/indexd3f3.html]
[systbio.org.whsites.net/indexd46b.html]
[systbio.org.whsites.net/index4bc1.html]
[systbio.org.whsites.net/index15e3.html]
[systbio.org.whsites.net/index09b8.html]
[systbio.org.whsites.net/index9306.html]
[systbio.org.whsites.net/indexa069.html]
[systbio.org.whsites.net/index6242.html]
[systbio.org.whsites.net/indexf4f4.html]
[systbio.org.whsites.net/index5851.html]
[systbio.org.whsites.net/indexebb2.html]
[systbio.org.whsites.net/index534a.html]
[systbio.org.whsites.net/index0766.html]
[systbio.org.whsites.net/index7872.html]
[systbio.org.whsites.net/index2186.html]
[systbio.org.whsites.net/index7dec.html]
[systbio.org.whsites.net/indexd037.html]
[systbio.org.whsites.net/index4161.html]
[systbio.org.whsites.net/index0c91.html]
[systbio.org.whsites.net/indexda36.html]
[systbio.org.whsites.net/index3ac4.html]
[systbio.org.whsites.net/indexcc1e.html]
[systbio.org.whsites.net/index7361.html]
[systbio.org.whsites.net/index1a37.html]
[systbio.org.whsites.net/index1811.html]
[systbio.org.whsites.net/index78f5.html]
[systbio.org.whsites.net/index28fc.html]
[systbio.org.whsites.net/www.nescent.html]
[systbio.org.whsites.net/index8860.html]
[systbio.org.whsites.net/index3e18.html]
[systbio.org.whsites.net/node/127.html]
[systbio.org.whsites.net/indexd0df.html]
[systbio.org.whsites.net/node/119.html]
[systbio.org.whsites.net/index1bef.html]
[systbio.org.whsites.net/index3609.html]
[systbio.org.whsites.net/indexad56.html]
[systbio.org.whsites.net/index3b54.html]
[systbio.org.whsites.net/indexefab.html]
[systbio.org.whsites.net/index8a96.html]
[systbio.org.whsites.net/index58cd.html]
[systbio.org.whsites.net/index44ef.html]
[systbio.org.whsites.net/index53f8.html]
[systbio.org.whsites.net/index4920.html]
[systbio.org.whsites.net/index7e5b.html]
[systbio.org.whsites.net/indexbe48.html]
[systbio.org.whsites.net/index52c1.html]
[systbio.org.whsites.net/indexeef0.html]
[systbio.org.whsites.net/index933b.html]
[systbio.org.whsites.net/indexd118.html]
[systbio.org.whsites.net/indexbbc8.html]
[systbio.org.whsites.net/index4c21.html]
[systbio.org.whsites.net/indexc082.html]
[systbio.org.whsites.net/indexb284.html]
[systbio.org.whsites.net/indexca01.html]
[systbio.org.whsites.net/indexd287.html]
[systbio.org.whsites.net/index0a8d.html]
[systbio.org.whsites.net/indexefb3.html]
[systbio.org.whsites.net/les.landrum@asu.html]
[systbio.org.whsites.net/files/phylologo.png]
[systbio.org.whsites.net/indexf617.html]
[systbio.org.whsites.net/index2142.html]
[systbio.org.whsites.net/index3d62.html]
[systbio.org.whsites.net/indexd2b0.html]
[systbio.org.whsites.net/index4b1b.html]
[systbio.org.whsites.net/index9874.html]
[systbio.org.whsites.net/indexdc07.html]
[systbio.org.whsites.net/index62b9.html]
[systbio.org.whsites.net/indexb94a.html]
[systbio.org.whsites.net/files/Alexei1.jpg]
[systbio.org.whsites.net/index2327.html]
[systbio.org.whsites.net/indexe4ac.html]
[systbio.org.whsites.net/index1141.html]
[systbio.org.whsites.net/indexc03a.html]
[systbio.org.whsites.net/index7ff8.html]
[systbio.org.whsites.net/indexcb94.html]
[systbio.org.whsites.net/index7495-2.html]
[systbio.org.whsites.net/indexe36e.html]
[systbio.org.whsites.net/index30c7.html]
[systbio.org.whsites.net/index8698.html]
[systbio.org.whsites.net/index01ce.html]
[systbio.org.whsites.net/indexc279.html]
[systbio.org.whsites.net/indexb631.html]
[systbio.org.whsites.net/index8867.html]
[systbio.org.whsites.net/index0a86.html]
[systbio.org.whsites.net/index02ca.html]
[systbio.org.whsites.net/index296b.html]
[systbio.org.whsites.net/indexcd1e.html]
[systbio.org.whsites.net/index9062.html]
[systbio.org.whsites.net/index4708.html]
[systbio.org.whsites.net/indexf935.html]
[systbio.org.whsites.net/index8713.html]
[systbio.org.whsites.net/index2b69.html]
[systbio.org.whsites.net/index2379.html]
[systbio.org.whsites.net/index9605.html]
[systbio.org.whsites.net/index024a.html]
[systbio.org.whsites.net/indexe9f7.html]
[systbio.org.whsites.net/index79d7.html]
[systbio.org.whsites.net/index8134.html]
[systbio.org.whsites.net/files/Kirchoff_Appendix_1.html]
[systbio.org.whsites.net/files/Kirchoff_Appendix_2.html]
[systbio.org.whsites.net/files/Ricklefs_data_table.html]
[systbio.org.whsites.net/files/tarrioEtAl.html]
[systbio.org.whsites.net/files/Bremer_Five_bootstrapped_b.html]
[systbio.org.whsites.net/files/Bremer_Asterids_Age_Suppl.html]
[systbio.org.whsites.net/files/55.2/asher_hofreiter_suppdata.zip]
[systbio.org.whsites.net/files/55/3/Supertree_bootstrapping_I.html]
[systbio.org.whsites.net/files/55/6Appendix1.html]
[systbio.org.whsites.net/files/57/4/McGowen_et_al_GenetreeOlfactoryonly_Bayes.html]
[systbio.org.whsites.net/files/57/4/bond&stockman_appendix.html]
[systbio.org.whsites.net/files/57/5/.html]
[systbio.org.whsites.net/files/57/5/suppl_mat_3_Meier_et_al_barcoding_gap_11.5.08.pdf]
[systbio.org.whsites.net/rmkliman@cedarcrest.html]
[systbio.org.whsites.net/zimmer@lms.si.html]
[systbio.org.whsites.net/www.nescent.org/summer_course.html]
[systbio.org.whsites.net/index3f45.html]
[systbio.org.whsites.net/index4603.html]
[systbio.org.whsites.net/index8c8d.html]
[systbio.org.whsites.net/index9efb.html]
[systbio.org.whsites.net/index6898.html]
[systbio.org.whsites.net/index5090.html]
[systbio.org.whsites.net/index7841.html]
[systbio.org.whsites.net/indexee16.html]
[systbio.org.whsites.net/index9379.html]
[systbio.org.whsites.net/indexb091.html]
[systbio.org.whsites.net/phyloseminar+subscribe@googlegroups.html]
[systbio.org.whsites.net/index1c06.html]
[systbio.org.whsites.net/index18fe.html]
[systbio.org.whsites.net/index9c9a.html]
[systbio.org.whsites.net/index04a2.html]
[systbio.org.whsites.net/index8ac2.html]
[systbio.org.whsites.net/index0dc5.html]
[systbio.org.whsites.net/indexab7d.html]
[systbio.org.whsites.net/index67f6.html]
[systbio.org.whsites.net/node/208.html]
[systbio.org.whsites.net/index1394.html]
[systbio.org.whsites.net/index8946.html]
[systbio.org.whsites.net/node/184.html]
[systbio.org.whsites.net/node/35.html]
[systbio.org.whsites.net/indexfc0e.html]
[systbio.org.whsites.net/indexdd3b.html]
[systbio.org.whsites.net/index6176.html]
[systbio.org.whsites.net/indexbdd8.html]
[systbio.org.whsites.net/index12c9.html]
[systbio.org.whsites.net/index71c0.html]
[systbio.org.whsites.net/index00e9.html]
[systbio.org.whsites.net/indexcf1e.html]
[systbio.org.whsites.net/index6f41.html]
[systbio.org.whsites.net/index3034.html]
[systbio.org.whsites.net/indexab5d.html]
[systbio.org.whsites.net/indexc2d9.html]
[systbio.org.whsites.net/index1424.html]
[systbio.org.whsites.net/indexb273.html]
[systbio.org.whsites.net/indexb3a1.html]
[systbio.org.whsites.net/files/Kirchoff_Appendix_1_files/filelist.html]
[systbio.org.whsites.net/files/Kirchoff_Appendix_2_files/filelist.html]
[systbio.org.whsites.net/files/Rickleffs_data_table_files/filelist.html]
[systbio.org.whsites.net/files/Bremer_Asterids_Age_Suppl_files/filelist.html]
[systbio.org.whsites.net/files/55.2/asher_hofreiter_suppdata.zip]
[systbio.org.whsites.net/files/56/3/aflp+3aatcaa.pl.html]
[systbio.org.whsites.net/files/56/3/do_blastjobs.sh.html]
[systbio.org.whsites.net/files/56/3/do_output.pl.html]
[systbio.org.whsites.net/indexd191.html]
[systbio.org.whsites.net/index28a4.html]
[systbio.org.whsites.net/index63c1.html]
[systbio.org.whsites.net/index940a.html]
[systbio.org.whsites.net/index2ddd.html]
[systbio.org.whsites.net/indexaccb.html]
[systbio.org.whsites.net/index9138.html]
[systbio.org.whsites.net/index4d80.html]
[systbio.org.whsites.net/index5363.html]
[systbio.org.whsites.net/indexafa2.html]
[systbio.org.whsites.net/index08c0.html]
[systbio.org.whsites.net/index1291.html]
[systbio.org.whsites.net/indexf661.html]
[systbio.org.whsites.net/index7f4d.html]
[systbio.org.whsites.net/index7cef.html]
[systbio.org.whsites.net/index3301.html]
[systbio.org.whsites.net/index24fa.html]
[systbio.org.whsites.net/indexdee4.html]
[systbio.org.whsites.net/indexd6af.html]
[systbio.org.whsites.net/index764e.html]
[systbio.org.whsites.net/index3d2c.html]
[systbio.org.whsites.net/indexb567.html]
[systbio.org.whsites.net/index1b4b.html]
[systbio.org.whsites.net/indexda3e.html]
[systbio.org.whsites.net/index946d.html]
[systbio.org.whsites.net/indexed06.html]
[systbio.org.whsites.net/index79b7.html]
[systbio.org.whsites.net/indexbfe6.html]
[systbio.org.whsites.net/index1545.html]
[systbio.org.whsites.net/index8a9d.html]
[systbio.org.whsites.net/indexe809.html]
[systbio.org.whsites.net/indexa264.html]
[systbio.org.whsites.net/index917f.html]
[systbio.org.whsites.net/index935a.html]
[systbio.org.whsites.net/index988a.html]
[systbio.org.whsites.net/index8c9a.html]
[systbio.org.whsites.net/indexbe68.html]
[systbio.org.whsites.net/indexf601-2.html]
[systbio.org.whsites.net/index25b4.html]
[systbio.org.whsites.net/indexc4da.html]
[systbio.org.whsites.net/index96f1.html]
[systbio.org.whsites.net/index8799.html]
[systbio.org.whsites.net/indexdeb6.html]
[systbio.org.whsites.net/index9475.html]
[systbio.org.whsites.net/index8e0c.html]
[systbio.org.whsites.net/index25d6.html]
[systbio.org.whsites.net/indexf01b.html]
[systbio.org.whsites.net/indexaf88.html]
[systbio.org.whsites.net/indexf53e.html]
[systbio.org.whsites.net/index8ecd.html]
[systbio.org.whsites.net/indexc84c.html]
[systbio.org.whsites.net/index3ad0.html]
[systbio.org.whsites.net/index79c1.html]
[systbio.org.whsites.net/indexdda5.html]
[systbio.org.whsites.net/index7a26.html]
[systbio.org.whsites.net/indexeaed.html]
[systbio.org.whsites.net/index0b48.html]
[systbio.org.whsites.net/index594f.html]
[systbio.org.whsites.net/index05ea.html]
[systbio.org.whsites.net/indexba98.html]
[systbio.org.whsites.net/indexacf5.html]
[systbio.org.whsites.net/index8074.html]
[systbio.org.whsites.net/index3565.html]
[systbio.org.whsites.net/index51b4.html]
[systbio.org.whsites.net/index8e83.html]
[systbio.org.whsites.net/index4b81.html]
[systbio.org.whsites.net/index6bd8.html]
[systbio.org.whsites.net/index79b6.html]
[systbio.org.whsites.net/indexffc1.html]
[systbio.org.whsites.net/indexa9b6.html]
[systbio.org.whsites.net/indexcb41.html]
[systbio.org.whsites.net/index22a9.html]
[systbio.org.whsites.net/indexc508.html]
[systbio.org.whsites.net/index95a9.html]
[systbio.org.whsites.net/index607a.html]
[systbio.org.whsites.net/index0a11.html]
[systbio.org.whsites.net/indexca10.html]
[systbio.org.whsites.net/indexfd13.html]
[systbio.org.whsites.net/index9963.html]
[systbio.org.whsites.net/indexfc7e.html]
[systbio.org.whsites.net/index65ae.html]
[systbio.org.whsites.net/indexe6b5.html]
[systbio.org.whsites.net/indexb382.html]
[systbio.org.whsites.net/index6611.html]
[systbio.org.whsites.net/index7424.html]
[systbio.org.whsites.net/index2e22.html]
[systbio.org.whsites.net/indexde8c.html]
[systbio.org.whsites.net/index0f31.html]
[systbio.org.whsites.net/index886f.html]
[systbio.org.whsites.net/index73a7.html]
[systbio.org.whsites.net/index2689.html]
[systbio.org.whsites.net/indexfa5d.html]
[systbio.org.whsites.net/index8777.html]
[systbio.org.whsites.net/index36c3.html]
[systbio.org.whsites.net/index6d6c.html]
[systbio.org.whsites.net/index277c.html]
[systbio.org.whsites.net/index84b7.html]
[systbio.org.whsites.net/indexb95c.html]
[systbio.org.whsites.net/index032f.html]
[systbio.org.whsites.net/indexdf5b.html]
[systbio.org.whsites.net/index2d16.html]
[systbio.org.whsites.net/indexd9c6.html]
[systbio.org.whsites.net/index9632.html]
[systbio.org.whsites.net/indexc23e.html]
[systbio.org.whsites.net/index9a36.html]
[systbio.org.whsites.net/index41f4.html]
[systbio.org.whsites.net/index1275.html]
[systbio.org.whsites.net/index9533.html]
[systbio.org.whsites.net/indexa4a0.html]
[systbio.org.whsites.net/indexcb34.html]
[systbio.org.whsites.net/index0ffa.html]
[systbio.org.whsites.net/indexbb0d.html]
[systbio.org.whsites.net/indexfbed.html]
[systbio.org.whsites.net/index6a28.html]
[systbio.org.whsites.net/indexb5b6.html]
[systbio.org.whsites.net/index37eb.html]
[systbio.org.whsites.net/indexcabf.html]
[systbio.org.whsites.net/index932a.html]
[systbio.org.whsites.net/index45ad.html]
[systbio.org.whsites.net/index34ab.html]
[systbio.org.whsites.net/index1b3a.html]
[systbio.org.whsites.net/index1eb0.html]
[systbio.org.whsites.net/index7d77.html]
[systbio.org.whsites.net/index9859.html]
[systbio.org.whsites.net/index77ad.html]
[systbio.org.whsites.net/indexba9a.html]
[systbio.org.whsites.net/indexb5e0.html]
[systbio.org.whsites.net/indexb4b6.html]
[systbio.org.whsites.net/indexc849.html]
[systbio.org.whsites.net/indexee85.html]
[systbio.org.whsites.net/index5803.html]
[systbio.org.whsites.net/index8eb0.html]
[systbio.org.whsites.net/index9486.html]
[systbio.org.whsites.net/indexec30.html]
[systbio.org.whsites.net/index576c.html]
[systbio.org.whsites.net/index3f13.html]
[systbio.org.whsites.net/index6d65.html]
[systbio.org.whsites.net/index7dcc.html]
[systbio.org.whsites.net/index6f3b.html]
[systbio.org.whsites.net/index4ddf.html]
[systbio.org.whsites.net/index6725.html]
[systbio.org.whsites.net/indexf486.html]
[systbio.org.whsites.net/index40f8.html]
[systbio.org.whsites.net/indexe773.html]
[systbio.org.whsites.net/indexeca8.html]
[systbio.org.whsites.net/index8756.html]
[systbio.org.whsites.net/indexcc5c.html]
[systbio.org.whsites.net/indexaef0.html]
[systbio.org.whsites.net/index77c5.html]
[systbio.org.whsites.net/indexce6c.html]
[systbio.org.whsites.net/indexde48.html]
[systbio.org.whsites.net/index0f89.html]
[systbio.org.whsites.net/indexda94.html]
[systbio.org.whsites.net/index914f.html]
[systbio.org.whsites.net/indexa817.html]
[systbio.org.whsites.net/index121c.html]
[systbio.org.whsites.net/index6086.html]
[systbio.org.whsites.net/indexa5fc.html]
[systbio.org.whsites.net/index38d6.html]
[systbio.org.whsites.net/indexa7b2.html]
[systbio.org.whsites.net/index4466.html]
[systbio.org.whsites.net/indexbf88.html]
[systbio.org.whsites.net/index8b4b.html]
[systbio.org.whsites.net/index43ac.html]
[systbio.org.whsites.net/index1557.html]
[systbio.org.whsites.net/index1535.html]
[systbio.org.whsites.net/index9002.html]
[systbio.org.whsites.net/index2eec.html]
[systbio.org.whsites.net/indexfd0e.html]
[systbio.org.whsites.net/index5758.html]
